 kinect2

 Timestamp is 58411650 (Fri Dec  2 01:36:00 2016)

 Preferred load address is 0000000180000000

 Start         Length     Name                   Class
 0001:00000000 000002a0H .text$di                CODE
 0001:000002a0 0001a660H .text$mn                CODE
 0001:0001a900 00000020H .text$mn$00             CODE
 0001:0001a920 00000270H .text$x                 CODE
 0001:0001ab90 00000063H .text$yd                CODE
 0002:00000000 000003d0H .idata$5                DATA
 0002:000003d0 00000010H .00cfg                  DATA
 0002:000003e0 00000008H .CRT$XCA                DATA
 0002:000003e8 000000b0H .CRT$XCU                DATA
 0002:00000498 00000008H .CRT$XCZ                DATA
 0002:000004a0 00000008H .CRT$XIA                DATA
 0002:000004a8 00000018H .CRT$XIC                DATA
 0002:000004c0 00000008H .CRT$XIZ                DATA
 0002:000004c8 00000008H .CRT$XPA                DATA
 0002:000004d0 00000010H .CRT$XPX                DATA
 0002:000004e0 00000008H .CRT$XPXA               DATA
 0002:000004e8 00000008H .CRT$XPZ                DATA
 0002:000004f0 00000008H .CRT$XTA                DATA
 0002:000004f8 00000008H .CRT$XTZ                DATA
 0002:00000500 00008c28H .rdata                  DATA
 0002:00009128 00000384H .rdata$r                DATA
 0002:000094ac 00000384H .rdata$zzzdbg           DATA
 0002:00009830 00000008H .rtc$IAA                DATA
 0002:00009838 00000008H .rtc$IZZ                DATA
 0002:00009840 00000008H .rtc$TAA                DATA
 0002:00009848 00000008H .rtc$TZZ                DATA
 0002:00009850 00001420H .xdata                  DATA
 0002:0000ac70 000001f0H .xdata$x                DATA
 0002:0000ae60 00000054H .edata                  DATA
 0002:0000aeb4 0000003cH .idata$2                DATA
 0002:0000aef0 00000018H .idata$3                DATA
 0002:0000af08 000003d0H .idata$4                DATA
 0002:0000b2d8 00001036H .idata$6                DATA
 0003:00000000 00000970H .data                   DATA
 0003:00000970 00000120H .data$r                 DATA
 0003:00000a90 05ef39c8H .bss                    DATA
 0004:00000000 000017a0H .pdata                  DATA
 0005:00000000 00000084H .gfids$x                DATA
 0005:00000084 00000048H .gfids$y                DATA
 0006:00000000 00000060H .rsrc$01                DATA
 0006:00000060 00000180H .rsrc$02                DATA

  Address         Publics by Value              Rva+Base               Lib:Object

 0000:00000000       __guard_iat_table          0000000000000000     <absolute>
 0000:00000000       __dynamic_value_reloc_table 0000000000000000     <absolute>
 0000:00000000       __guard_iat_count          0000000000000000     <absolute>
 0000:00000000       __guard_longjmp_table      0000000000000000     <absolute>
 0000:00000000       __guard_longjmp_count      0000000000000000     <absolute>
 0000:00000000       __guard_fids_count         0000000000000000     <absolute>
 0000:00000000       ___safe_se_handler_table   0000000000000000     <absolute>
 0000:00000000       ___safe_se_handler_count   0000000000000000     <absolute>
 0000:00000000       __guard_fids_table         0000000000000000     <absolute>
 0000:00000100       __guard_flags              0000000000000100     <absolute>
 0000:00000000       __ImageBase                0000000180000000     <linker-defined>
 0001:00000370       ?New@?$Factory@VFunctionTemplate@v8@@@imp@Nan@@SA?AV?$Local@VFunctionTemplate@v8@@@v8@@P6AXAEBV?$FunctionCallbackInfo@VValue@v8@@@3@@ZV?$Local@VValue@v8@@@5@V?$Local@VSignature@v8@@@5@@Z 0000000180001370 f i kinect2.obj
 0001:00000520       ?OpenFunction@@YAXAEBV?$FunctionCallbackInfo@VValue@v8@@@Nan@@@Z 0000000180001520 f   kinect2.obj
 0001:000005c0       ?CloseFunction@@YAXAEBV?$FunctionCallbackInfo@VValue@v8@@@Nan@@@Z 00000001800015c0 f   kinect2.obj
 0001:000008d0       ?ColorProgress_@@YAXPEAUuv_async_s@@@Z 00000001800018d0 f   kinect2.obj
 0001:00000a30       ?processColorFrameData@@YAJPEAUIColorFrame@@@Z 0000000180001a30 f   kinect2.obj
 0001:00000bc0       ?ColorReaderThreadLoop@@YAXPEAX@Z 0000000180001bc0 f   kinect2.obj
 0001:00000d30       ?OpenColorReaderFunction@@YAXAEBV?$FunctionCallbackInfo@VValue@v8@@@Nan@@@Z 0000000180001d30 f   kinect2.obj
 0001:00000ea0       ?CloseColorReaderFunction@@YAXAEBV?$FunctionCallbackInfo@VValue@v8@@@Nan@@@Z 0000000180001ea0 f   kinect2.obj
 0001:00000f40       ?InfraredProgress_@@YAXPEAUuv_async_s@@@Z 0000000180001f40 f   kinect2.obj
 0001:000010a0       ?processInfraredFrameData@@YAJPEAUIInfraredFrame@@@Z 00000001800020a0 f   kinect2.obj
 0001:00001210       ?InfraredReaderThreadLoop@@YAXPEAX@Z 0000000180002210 f   kinect2.obj
 0001:00001360       ?OpenInfraredReaderFunction@@YAXAEBV?$FunctionCallbackInfo@VValue@v8@@@Nan@@@Z 0000000180002360 f   kinect2.obj
 0001:000014d0       ?CloseInfraredReaderFunction@@YAXAEBV?$FunctionCallbackInfo@VValue@v8@@@Nan@@@Z 00000001800024d0 f   kinect2.obj
 0001:00001570       ?LongExposureInfraredProgress_@@YAXPEAUuv_async_s@@@Z 0000000180002570 f   kinect2.obj
 0001:000016d0       ?processLongExposureInfraredFrameData@@YAJPEAUILongExposureInfraredFrame@@@Z 00000001800026d0 f   kinect2.obj
 0001:00001840       ?LongExposureInfraredReaderThreadLoop@@YAXPEAX@Z 0000000180002840 f   kinect2.obj
 0001:00001990       ?OpenLongExposureInfraredReaderFunction@@YAXAEBV?$FunctionCallbackInfo@VValue@v8@@@Nan@@@Z 0000000180002990 f   kinect2.obj
 0001:00001b00       ?CloseLongExposureInfraredReaderFunction@@YAXAEBV?$FunctionCallbackInfo@VValue@v8@@@Nan@@@Z 0000000180002b00 f   kinect2.obj
 0001:00001ba0       ?DepthProgress_@@YAXPEAUuv_async_s@@@Z 0000000180002ba0 f   kinect2.obj
 0001:00001d00       ?processDepthFrameData@@YAJPEAUIDepthFrame@@@Z 0000000180002d00 f   kinect2.obj
 0001:00001e60       ?DepthReaderThreadLoop@@YAXPEAX@Z 0000000180002e60 f   kinect2.obj
 0001:00001fe0       ?OpenDepthReaderFunction@@YAXAEBV?$FunctionCallbackInfo@VValue@v8@@@Nan@@@Z 0000000180002fe0 f   kinect2.obj
 0001:00002150       ?CloseDepthReaderFunction@@YAXAEBV?$FunctionCallbackInfo@VValue@v8@@@Nan@@@Z 0000000180003150 f   kinect2.obj
 0001:000021f0       ?RawDepthProgress_@@YAXPEAUuv_async_s@@@Z 00000001800031f0 f   kinect2.obj
 0001:00002350       ?processRawDepthFrameData@@YAJPEAUIDepthFrame@@@Z 0000000180003350 f   kinect2.obj
 0001:00002420       ?RawDepthReaderThreadLoop@@YAXPEAX@Z 0000000180003420 f   kinect2.obj
 0001:000025a0       ?OpenRawDepthReaderFunction@@YAXAEBV?$FunctionCallbackInfo@VValue@v8@@@Nan@@@Z 00000001800035a0 f   kinect2.obj
 0001:00002710       ?CloseRawDepthReaderFunction@@YAXAEBV?$FunctionCallbackInfo@VValue@v8@@@Nan@@@Z 0000000180003710 f   kinect2.obj
 0001:000027b0       ?getV8BodyFrame_@@YA?AV?$Local@VObject@v8@@@v8@@XZ 00000001800037b0 f   kinect2.obj
 0001:00003c30       ?BodyProgress_@@YAXPEAUuv_async_s@@@Z 0000000180004c30 f   kinect2.obj
 0001:00003d70       ?processBodyFrameData@@YAJPEAUIBodyFrame@@@Z 0000000180004d70 f   kinect2.obj
 0001:000042d0       ?BodyReaderThreadLoop@@YAXPEAX@Z 00000001800052d0 f   kinect2.obj
 0001:00004450       ?OpenBodyReaderFunction@@YAXAEBV?$FunctionCallbackInfo@VValue@v8@@@Nan@@@Z 0000000180005450 f   kinect2.obj
 0001:000045c0       ?CloseBodyReaderFunction@@YAXAEBV?$FunctionCallbackInfo@VValue@v8@@@Nan@@@Z 00000001800055c0 f   kinect2.obj
 0001:00004660       ?MultiSourceProgress_@@YAXPEAUuv_async_s@@@Z 0000000180005660 f   kinect2.obj
 0001:00005760       ?MultiSourceReaderThreadLoop@@YAXPEAX@Z 0000000180006760 f   kinect2.obj
 0001:00006450       ?OpenMultiSourceReaderFunction@@YAXAEBV?$FunctionCallbackInfo@VValue@v8@@@Nan@@@Z 0000000180007450 f   kinect2.obj
 0001:00006780       ?CloseMultiSourceReaderFunction@@YAXAEBV?$FunctionCallbackInfo@VValue@v8@@@Nan@@@Z 0000000180007780 f   kinect2.obj
 0001:00006820       ?TrackPixelsForBodyIndicesFunction@@YAXAEBV?$FunctionCallbackInfo@VValue@v8@@@Nan@@@Z 0000000180007820 f   kinect2.obj
 0001:00006920       ?Init@@YAXV?$Local@VObject@v8@@@v8@@@Z 0000000180007920 f   kinect2.obj
 0001:000076a0       ?assign@?$basic_string@DU?$char_traits@D@std@@V?$allocator@D@2@@std@@QEAAAEAV12@PEBD_K@Z 00000001800086a0 f i kinect2.obj
 0001:000077d0       ?assign@?$basic_string@DU?$char_traits@D@std@@V?$allocator@D@2@@std@@QEAAAEAV12@AEBV12@_K1@Z 00000001800087d0 f i kinect2.obj
 0001:00007900       ?erase@?$basic_string@DU?$char_traits@D@std@@V?$allocator@D@2@@std@@QEAAAEAV12@_K0@Z 0000000180008900 f i kinect2.obj
 0001:000079a0       ?_Copy@?$basic_string@DU?$char_traits@D@std@@V?$allocator@D@2@@std@@QEAAX_K0@Z 00000001800089a0 f i kinect2.obj
 0001:00007b20       ??$_Integral_to_string@D_K@std@@YA?AV?$basic_string@DU?$char_traits@D@std@@V?$allocator@D@2@@0@_K@Z 0000000180008b20 f i kinect2.obj
 0001:00007bbc       ??0bad_alloc@std@@QEAA@AEBV01@@Z 0000000180008bbc f i libcpmt:xthrow.obj
 0001:00007bfc       ??0bad_alloc@std@@QEAA@XZ  0000000180008bfc f i libcpmt:xthrow.obj
 0001:00007c1c       ??0exception@std@@QEAA@AEBV01@@Z 0000000180008c1c f i libcpmt:xthrow.obj
 0001:00007c54       ??0length_error@std@@QEAA@AEBV01@@Z 0000000180008c54 f i libcpmt:xthrow.obj
 0001:00007c94       ??0length_error@std@@QEAA@PEBD@Z 0000000180008c94 f i libcpmt:xthrow.obj
 0001:00007ce0       ??0logic_error@std@@QEAA@AEBV01@@Z 0000000180008ce0 f i libcpmt:xthrow.obj
 0001:00007d20       ??0out_of_range@std@@QEAA@AEBV01@@Z 0000000180008d20 f i libcpmt:xthrow.obj
 0001:00007d60       ??0out_of_range@std@@QEAA@PEBD@Z 0000000180008d60 f i libcpmt:xthrow.obj
 0001:00007dac       ??1bad_alloc@std@@UEAA@XZ  0000000180008dac f i libcpmt:xthrow.obj
 0001:00007dac       ??1out_of_range@std@@UEAA@XZ 0000000180008dac f i libcpmt:xthrow.obj
 0001:00007dac       ??1length_error@std@@UEAA@XZ 0000000180008dac f i libcpmt:xthrow.obj
 0001:00007dac       ??1bad_array_new_length@std@@UEAA@XZ 0000000180008dac f i LIBCMT:throw_bad_alloc.obj
 0001:00007dc0       ??_Eout_of_range@std@@UEAAPEAXI@Z 0000000180008dc0 f i libcpmt:xthrow.obj
 0001:00007dc0       ??_Ebad_array_new_length@std@@UEAAPEAXI@Z 0000000180008dc0 f i LIBCMT:throw_bad_alloc.obj
 0001:00007dc0       ??_Elogic_error@std@@UEAAPEAXI@Z 0000000180008dc0 f i libcpmt:xthrow.obj
 0001:00007dc0       ??_Ebad_alloc@std@@UEAAPEAXI@Z 0000000180008dc0 f i libcpmt:xthrow.obj
 0001:00007dc0       ??_Gbad_alloc@std@@UEAAPEAXI@Z 0000000180008dc0 f i libcpmt:xthrow.obj
 0001:00007dc0       ??_Glength_error@std@@UEAAPEAXI@Z 0000000180008dc0 f i libcpmt:xthrow.obj
 0001:00007dc0       ??_Eexception@std@@UEAAPEAXI@Z 0000000180008dc0 f i libcpmt:xthrow.obj
 0001:00007dc0       ??_Gexception@std@@UEAAPEAXI@Z 0000000180008dc0 f i libcpmt:xthrow.obj
 0001:00007dc0       ??_Gbad_array_new_length@std@@UEAAPEAXI@Z 0000000180008dc0 f i LIBCMT:throw_bad_alloc.obj
 0001:00007dc0       ??_Gout_of_range@std@@UEAAPEAXI@Z 0000000180008dc0 f i libcpmt:xthrow.obj
 0001:00007dc0       ??_Elength_error@std@@UEAAPEAXI@Z 0000000180008dc0 f i libcpmt:xthrow.obj
 0001:00007dc0       ??_Glogic_error@std@@UEAAPEAXI@Z 0000000180008dc0 f i libcpmt:xthrow.obj
 0001:00007e04       ?_Xbad_alloc@std@@YAXXZ    0000000180008e04 f   libcpmt:xthrow.obj
 0001:00007e04       ?__scrt_throw_std_bad_alloc@@YAXXZ 0000000180008e04 f   LIBCMT:throw_bad_alloc.obj
 0001:00007e24       ?_Xlength_error@std@@YAXPEBD@Z 0000000180008e24 f   libcpmt:xthrow.obj
 0001:00007e48       ?_Xout_of_range@std@@YAXPEBD@Z 0000000180008e48 f   libcpmt:xthrow.obj
 0001:00007e6c       ?what@exception@std@@UEBAPEBDXZ 0000000180008e6c f i libcpmt:xthrow.obj
 0001:00007e90       __security_check_cookie    0000000180008e90 f   LIBCMT:_amdsecgs_.obj
 0001:00007eb4       __raise_securityfailure    0000000180008eb4 f   LIBCMT:gs_report.obj
 0001:00007ee8       __report_gsfailure         0000000180008ee8 f   LIBCMT:gs_report.obj
 0001:00007fbc       __report_rangecheckfailure 0000000180008fbc f   LIBCMT:gs_report.obj
 0001:00007fd0       __report_securityfailure   0000000180008fd0 f   LIBCMT:gs_report.obj
 0001:00008150       ??2@YAPEAX_K@Z             0000000180009150 f   LIBCMT:new_scalar.obj
 0001:0000818c       __scrt_acquire_startup_lock 000000018000918c f   LIBCMT:utility.obj
 0001:000081c8       __scrt_dllmain_after_initialize_c 00000001800091c8 f   LIBCMT:utility.obj
 0001:000081fc       __scrt_dllmain_before_initialize_c 00000001800091fc f   LIBCMT:utility.obj
 0001:00008214       __scrt_dllmain_crt_thread_attach 0000000180009214 f   LIBCMT:utility.obj
 0001:0000823c       __scrt_dllmain_crt_thread_detach 000000018000923c f   LIBCMT:utility.obj
 0001:00008254       __scrt_dllmain_exception_filter 0000000180009254 f   LIBCMT:utility.obj
 0001:000082b8       __scrt_dllmain_uninitialize_c 00000001800092b8 f   LIBCMT:utility.obj
 0001:000082e8       __scrt_dllmain_uninitialize_critical 00000001800092e8 f   LIBCMT:utility.obj
 0001:000082fc       __scrt_initialize_crt      00000001800092fc f   LIBCMT:utility.obj
 0001:00008348       __scrt_initialize_onexit_tables 0000000180009348 f   LIBCMT:utility.obj
 0001:00008414       __scrt_is_nonwritable_in_current_image 0000000180009414 f   LIBCMT:utility.obj
 0001:000084b0       __scrt_release_startup_lock 00000001800094b0 f   LIBCMT:utility.obj
 0001:000084d4       __scrt_uninitialize_crt    00000001800094d4 f   LIBCMT:utility.obj
 0001:00008500       _onexit                    0000000180009500 f   LIBCMT:utility.obj
 0001:00008550       atexit                     0000000180009550 f   LIBCMT:utility.obj
 0001:00008568       ??3@YAXPEAX@Z              0000000180009568 f   LIBCMT:delete_scalar.obj
 0001:00008570       ??3@YAXPEAX_K@Z            0000000180009570 f   LIBCMT:delete_scalar_size.obj
 0001:00008578       ??_U@YAPEAX_K@Z            0000000180009578 f   LIBCMT:new_array.obj
 0001:000088cc       _DllMainCRTStartup         00000001800098cc f   LIBCMT:dll_dllmain.obj
 0001:0000890c       ??_Etype_info@@UEAAPEAXI@Z 000000018000990c f i LIBCMT:std_type_info_static.obj
 0001:0000890c       ??_Gtype_info@@UEAAPEAXI@Z 000000018000990c f i LIBCMT:std_type_info_static.obj
 0001:00008938       ??0bad_array_new_length@std@@QEAA@AEBV01@@Z 0000000180009938 f i LIBCMT:throw_bad_alloc.obj
 0001:00008978       ??0bad_array_new_length@std@@QEAA@XZ 0000000180009978 f i LIBCMT:throw_bad_alloc.obj
 0001:00008998       ?__scrt_throw_std_bad_array_new_length@@YAXXZ 0000000180009998 f   LIBCMT:throw_bad_alloc.obj
 0001:000089b8       __isa_available_init       00000001800099b8 f   LIBCMT:_cpu_disp_.obj
 0001:00008b80       DllMain                    0000000180009b80 f   LIBCMT:dll_dllmain_stub.obj
 0001:00008b80       _get_startup_argv_mode     0000000180009b80 f   LIBCMT:argv_mode.obj
 0001:00008b88       __scrt_is_ucrt_dll_in_use  0000000180009b88 f   LIBCMT:ucrt_detection.obj
 0001:00008b94       __crt_debugger_hook        0000000180009b94 f   LIBCMT:utility_desktop.obj
 0001:00008b9c       __scrt_fastfail            0000000180009b9c f   LIBCMT:utility_desktop.obj
 0001:00008ce4       _guard_check_icall         0000000180009ce4 f i LIBCMT:checkcfg.obj
 0001:00008cec       __security_init_cookie     0000000180009cec f   LIBCMT:gs_support.obj
 0001:00008d98       ?__scrt_initialize_type_info@@YAXXZ 0000000180009d98 f   LIBCMT:tncleanup.obj
 0001:00008da8       ?__scrt_uninitialize_type_info@@YAXXZ 0000000180009da8 f   LIBCMT:tncleanup.obj
 0001:00008db4       __local_stdio_printf_options 0000000180009db4 f i LIBCMT:default_local_stdio_options.obj
 0001:00008dbc       __local_stdio_scanf_options 0000000180009dbc f i LIBCMT:default_local_stdio_options.obj
 0001:00008dc4       __scrt_initialize_default_local_stdio_options 0000000180009dc4 f   LIBCMT:default_local_stdio_options.obj
 0001:00008de0       __scrt_get_dyn_tls_init_callback 0000000180009de0 f   LIBCMT:dyn_tls_init.obj
 0001:00008de8       _RTC_Initialize            0000000180009de8 f   LIBCMT:_initsect_.obj
 0001:00008e34       _RTC_Terminate             0000000180009e34 f   LIBCMT:_initsect_.obj
 0001:00008e80       __except_validate_context_record 0000000180009e80 f i libvcruntime:jbcxrval.obj
 0001:00008e80       _guard_check_icall_nop     0000000180009e80 f i LIBCMT:guard_support.obj
 0001:00008ea0       memcpy                     0000000180009ea0 f   libvcruntime:memcpy.obj
 0001:00008ea0       memmove                    0000000180009ea0 f   libvcruntime:memcpy.obj
 0001:000092d8       __std_exception_copy       000000018000a2d8 f   libvcruntime:std_exception.obj
 0001:00009368       __std_exception_destroy    000000018000a368 f   libvcruntime:std_exception.obj
 0001:00009390       _CxxThrowException         000000018000a390 f   libvcruntime:throw.obj
 0001:00009468       __vcrt_initialize          000000018000a468 f   libvcruntime:initialization.obj
 0001:0000949c       __vcrt_thread_attach       000000018000a49c f   libvcruntime:initialization.obj
 0001:000094b0       __vcrt_thread_detach       000000018000a4b0 f   libvcruntime:initialization.obj
 0001:000094c4       __vcrt_uninitialize        000000018000a4c4 f   libvcruntime:initialization.obj
 0001:000094e4       __vcrt_uninitialize_critical 000000018000a4e4 f   libvcruntime:initialization.obj
 0001:000094f4       __C_specific_handler       000000018000a4f4 f   libvcruntime:_chandler_.obj
 0001:00009700       memset                     000000018000a700 f   libvcruntime:memset.obj
 0001:000098a0       __std_type_info_destroy_list 000000018000a8a0 f   libvcruntime:std_type_info.obj
 0001:000098cc       __vcrt_freefls             000000018000a8cc f   libvcruntime:per_thread_data.obj
 0001:000098ec       __vcrt_freeptd             000000018000a8ec f   libvcruntime:per_thread_data.obj
 0001:0000993c       __vcrt_getptd_noexit       000000018000a93c f   libvcruntime:per_thread_data.obj
 0001:000099f4       __vcrt_initialize_ptd      000000018000a9f4 f   libvcruntime:per_thread_data.obj
 0001:00009a34       __vcrt_uninitialize_ptd    000000018000aa34 f   libvcruntime:per_thread_data.obj
 0001:00009a58       __vcrt_initialize_locks    000000018000aa58 f   libvcruntime:locks.obj
 0001:00009aa0       __vcrt_uninitialize_locks  000000018000aaa0 f   libvcruntime:locks.obj
 0001:00009ca0       __vcrt_FlsAlloc            000000018000aca0 f   libvcruntime:winapi_downlevel.obj
 0001:00009cf4       __vcrt_FlsFree             000000018000acf4 f   libvcruntime:winapi_downlevel.obj
 0001:00009d48       __vcrt_FlsGetValue         000000018000ad48 f   libvcruntime:winapi_downlevel.obj
 0001:00009d9c       __vcrt_FlsSetValue         000000018000ad9c f   libvcruntime:winapi_downlevel.obj
 0001:00009e04       __vcrt_InitializeCriticalSectionEx 000000018000ae04 f   libvcruntime:winapi_downlevel.obj
 0001:00009e7c       __vcrt_initialize_winapi_thunks 000000018000ae7c f   libvcruntime:winapi_downlevel.obj
 0001:00009ec8       __vcrt_uninitialize_winapi_thunks 000000018000aec8 f   libvcruntime:winapi_downlevel.obj
 0001:00009f08       __vcrt_initialize_pure_virtual_call_handler 000000018000af08 f   libvcruntime:purevirt_data.obj
 0001:00009f40       _local_unwind              000000018000af40 f   libvcruntime:_jmpuwind_.obj
 0001:00009f70       _NLG_Notify                000000018000af70 f   libvcruntime:_jmpuwind_.obj
 0001:00009f90       __NLG_Dispatch2            000000018000af90 f   libvcruntime:_jmpuwind_.obj
 0001:00009fa0       __NLG_Return2              000000018000afa0 f   libvcruntime:_jmpuwind_.obj
 0001:0000a98c       ??$ftprintf@PEAU_iobuf@@PEB_WAEBQEB_WAEBQEB_WAEBI@?$__crt_char_traits@_W@@SAH$$QEAPEAU_iobuf@@$$QEAPEB_WAEBQEB_W2AEBI@Z 000000018000b98c f i libucrt:assert.obj
 0001:0000a9b4       _wassert                   000000018000b9b4 f   libucrt:assert.obj
 0001:0000aa38       fwprintf                   000000018000ba38 f i libucrt:assert.obj
 0001:0000aa7c       swprintf                   000000018000ba7c f i libucrt:assert.obj
 0001:0000aad0       __acrt_call_reportfault    000000018000bad0 f   libucrt:invalid_parameter.obj
 0001:0000ac2c       __acrt_initialize_invalid_parameter_handler 000000018000bc2c f   libucrt:invalid_parameter.obj
 0001:0000ac34       _invalid_parameter         000000018000bc34 f   libucrt:invalid_parameter.obj
 0001:0000acdc       _invalid_parameter_noinfo  000000018000bcdc f   libucrt:invalid_parameter.obj
 0001:0000acfc       _invalid_parameter_noinfo_noreturn 000000018000bcfc f   libucrt:invalid_parameter.obj
 0001:0000ad2c       _invoke_watson             000000018000bd2c f   libucrt:invalid_parameter.obj
 0001:0000ad74       ??0_LocaleUpdate@@QEAA@QEAU__crt_locale_pointers@@@Z 000000018000bd74 f i libucrt:stricmp.obj
 0001:0000ae04       __acrt_initialize_new_handler 000000018000be04 f   libucrt:new_handler.obj
 0001:0000ae0c       _callnewh                  000000018000be0c f   libucrt:new_handler.obj
 0001:0000ae4c       _query_new_handler         000000018000be4c f   libucrt:new_handler.obj
 0001:0000ae80       malloc                     000000018000be80 f   libucrt:malloc.obj
 0001:0000ae88       _seh_filter_dll            000000018000be88 f   libucrt:exception_filter.obj
 0001:0000ae9c       _seh_filter_exe            000000018000be9c f   libucrt:exception_filter.obj
 0001:0000b25c       __acrt_initialize_thread_local_exit_callback 000000018000c25c f   libucrt:exit.obj
 0001:0000b264       _cexit                     000000018000c264 f   libucrt:exit.obj
 0001:0000b274       _exit                      000000018000c274 f   libucrt:exit.obj
 0001:0000b280       _is_c_termination_complete 000000018000c280 f   libucrt:exit.obj
 0001:0000b444       __acrt_allocate_buffer_for_argv 000000018000c444 f   libucrt:argv_parsing.obj
 0001:0000b4a8       _configure_narrow_argv     000000018000c4a8 f   libucrt:argv_parsing.obj
 0001:0000b804       __dcrt_uninitialize_environments_nolock 000000018000c804 f   libucrt:environment_initialization.obj
 0001:0000b83c       _initialize_narrow_environment 000000018000c83c f   libucrt:environment_initialization.obj
 0001:0000b844       ??$?RV<lambda_b8c45f8f788dd370798f47cfe8ac3a86>@@AEAV<lambda_4e60a939b0d047cfe11ddc22648dfba9>@@V<lambda_332c3edc96d0294ec56c57d38c1cdfd5>@@@?$__crt_seh_guarded_call@H@@QEAAH$$QEAV<lambda_b8c45f8f788dd370798f47cfe8ac3a86>@@AEAV<lambda_4e60a939b0d047cfe11ddc22648dfba9>@@$$QEAV<lambda_332c3edc96d0294ec56c57d38c1cdfd5>@@@Z 000000018000c844 f i libucrt:onexit.obj
 0001:0000b880       ??$?RV<lambda_e24bbb7b643b32fcea6fa61b31d4c984>@@AEAV<lambda_275893d493268fdec8709772e3fcec0e>@@V<lambda_9d71df4d7cf3f480f8d633942495c3b0>@@@?$__crt_seh_guarded_call@H@@QEAAH$$QEAV<lambda_e24bbb7b643b32fcea6fa61b31d4c984>@@AEAV<lambda_275893d493268fdec8709772e3fcec0e>@@$$QEAV<lambda_9d71df4d7cf3f480f8d633942495c3b0>@@@Z 000000018000c880 f i libucrt:onexit.obj
 0001:0000bbfc       _crt_atexit                000000018000cbfc f   libucrt:onexit.obj
 0001:0000bc0c       _execute_onexit_table      000000018000cc0c f   libucrt:onexit.obj
 0001:0000bc48       _initialize_onexit_table   000000018000cc48 f   libucrt:onexit.obj
 0001:0000bc88       _register_onexit_function  000000018000cc88 f   libucrt:onexit.obj
 0001:0000bd18       __acrt_uninitialize_command_line 000000018000cd18 f   libucrt:argv_data.obj
 0001:0000be08       __acrt_initialize          000000018000ce08 f   libucrt:initialization.obj
 0001:0000be1c       __acrt_thread_attach       000000018000ce1c f   libucrt:initialization.obj
 0001:0000be30       __acrt_thread_detach       000000018000ce30 f   libucrt:initialization.obj
 0001:0000be40       __acrt_uninitialize        000000018000ce40 f   libucrt:initialization.obj
 0001:0000be54       __acrt_uninitialize_critical 000000018000ce54 f   libucrt:initialization.obj
 0001:0000be64       free                       000000018000ce64 f   libucrt:free.obj
 0001:0000be6c       _initterm                  000000018000ce6c f   libucrt:initterm.obj
 0001:0000bee4       _initterm_e                000000018000cee4 f   libucrt:initterm.obj
 0001:0000bf30       terminate                  000000018000cf30 f   libucrt:terminate.obj
 0001:0000bf58       strcpy_s                   000000018000cf58 f   libucrt:strcpy_s.obj
 0001:0000bfb8       _free_base                 000000018000cfb8 f   libucrt:free_base.obj
 0001:0000bff8       _malloc_base               000000018000cff8 f   libucrt:malloc_base.obj
 0001:0000c058       abort                      000000018000d058 f   libucrt:abort.obj
 0001:0000c0b0       _calloc_base               000000018000d0b0 f   libucrt:calloc_base.obj
 0001:0000c128       ??$?RV<lambda_7b91131dde12e1c3dfc74ff76b3f2eac>@@AEAV<lambda_dd75445284c072d0bd3768540cc698fa>@@V<lambda_16bc4ecb55b4718497c16bceaea2ceaf>@@@?$__crt_seh_guarded_call@H@@QEAAH$$QEAV<lambda_7b91131dde12e1c3dfc74ff76b3f2eac>@@AEAV<lambda_dd75445284c072d0bd3768540cc698fa>@@$$QEAV<lambda_16bc4ecb55b4718497c16bceaea2ceaf>@@@Z 000000018000d128 f i libucrt:output.obj
 0001:0000c168       ??$ensure_buffer_is_big_enough@D@formatting_buffer@__crt_stdio_output@@QEAA_N_K@Z 000000018000d168 f i libucrt:output.obj
 0001:0000c214       ??$is_wide_character_specifier@_W@__crt_stdio_output@@YA_N_K_WW4length_modifier@0@@Z 000000018000d214 f i libucrt:output.obj
 0001:0000c258       ??$type_case_integer_parse_into_buffer@I@?$output_processor@_WV?$stream_output_adapter@_W@__crt_stdio_output@@V?$standard_base@_WV?$stream_output_adapter@_W@__crt_stdio_output@@@2@@__crt_stdio_output@@AEAAXII_N@Z 000000018000d258 f i libucrt:output.obj
 0001:0000c258       ??$type_case_integer_parse_into_buffer@I@?$output_processor@_WV?$string_output_adapter@_W@__crt_stdio_output@@V?$standard_base@_WV?$string_output_adapter@_W@__crt_stdio_output@@@2@@__crt_stdio_output@@AEAAXII_N@Z 000000018000d258 f i libucrt:output.obj
 0001:0000c2f4       ??$type_case_integer_parse_into_buffer@_K@?$output_processor@_WV?$stream_output_adapter@_W@__crt_stdio_output@@V?$standard_base@_WV?$stream_output_adapter@_W@__crt_stdio_output@@@2@@__crt_stdio_output@@AEAAX_KI_N@Z 000000018000d2f4 f i libucrt:output.obj
 0001:0000c2f4       ??$type_case_integer_parse_into_buffer@_K@?$output_processor@_WV?$string_output_adapter@_W@__crt_stdio_output@@V?$standard_base@_WV?$string_output_adapter@_W@__crt_stdio_output@@@2@@__crt_stdio_output@@AEAAX_KI_N@Z 000000018000d2f4 f i libucrt:output.obj
 0001:0000c390       ??$write_multiple_characters@V?$stream_output_adapter@_W@__crt_stdio_output@@D@__crt_stdio_output@@YAXAEBV?$stream_output_adapter@_W@0@DHQEAH@Z 000000018000d390 f i libucrt:output.obj
 0001:0000c420       ??$write_multiple_characters@V?$string_output_adapter@_W@__crt_stdio_output@@D@__crt_stdio_output@@YAXAEBV?$string_output_adapter@_W@0@DHQEAH@Z 000000018000d420 f i libucrt:output.obj
 0001:0000c490       ??0?$output_processor@_WV?$string_output_adapter@_W@__crt_stdio_output@@V?$standard_base@_WV?$string_output_adapter@_W@__crt_stdio_output@@@2@@__crt_stdio_output@@QEAA@AEBV?$string_output_adapter@_W@1@_KQEB_WQEAU__crt_locale_pointers@@QEAD@Z 000000018000d490 f i libucrt:output.obj
 0001:0000c490       ??0?$output_processor@_WV?$stream_output_adapter@_W@__crt_stdio_output@@V?$standard_base@_WV?$stream_output_adapter@_W@__crt_stdio_output@@@2@@__crt_stdio_output@@QEAA@AEBV?$stream_output_adapter@_W@1@_KQEB_WQEAU__crt_locale_pointers@@QEAD@Z 000000018000d490 f i libucrt:output.obj
 0001:0000c600       ?force_decimal_point@__crt_stdio_output@@YAXPEADQEAU__crt_locale_pointers@@@Z 000000018000d600 f i libucrt:output.obj
 0001:0000c670       ?parse_int_from_format_string@?$output_processor@_WV?$stream_output_adapter@_W@__crt_stdio_output@@V?$standard_base@_WV?$stream_output_adapter@_W@__crt_stdio_output@@@2@@__crt_stdio_output@@AEAA_NQEAH@Z 000000018000d670 f i libucrt:output.obj
 0001:0000c670       ?parse_int_from_format_string@?$output_processor@_WV?$string_output_adapter@_W@__crt_stdio_output@@V?$standard_base@_WV?$string_output_adapter@_W@__crt_stdio_output@@@2@@__crt_stdio_output@@AEAA_NQEAH@Z 000000018000d670 f i libucrt:output.obj
 0001:0000c6f0       ?process@?$output_processor@_WV?$stream_output_adapter@_W@__crt_stdio_output@@V?$standard_base@_WV?$stream_output_adapter@_W@__crt_stdio_output@@@2@@__crt_stdio_output@@QEAAHXZ 000000018000d6f0 f i libucrt:output.obj
 0001:0000c968       ?process@?$output_processor@_WV?$string_output_adapter@_W@__crt_stdio_output@@V?$standard_base@_WV?$string_output_adapter@_W@__crt_stdio_output@@@2@@__crt_stdio_output@@QEAAHXZ 000000018000d968 f i libucrt:output.obj
 0001:0000cbe4       ?state_case_size@?$output_processor@_WV?$stream_output_adapter@_W@__crt_stdio_output@@V?$standard_base@_WV?$stream_output_adapter@_W@__crt_stdio_output@@@2@@__crt_stdio_output@@AEAA_NXZ 000000018000dbe4 f i libucrt:output.obj
 0001:0000cd88       ?state_case_size@?$output_processor@_WV?$string_output_adapter@_W@__crt_stdio_output@@V?$standard_base@_WV?$string_output_adapter@_W@__crt_stdio_output@@@2@@__crt_stdio_output@@AEAA_NXZ 000000018000dd88 f i libucrt:output.obj
 0001:0000cf2c       ?state_case_type@?$output_processor@_WV?$stream_output_adapter@_W@__crt_stdio_output@@V?$standard_base@_WV?$stream_output_adapter@_W@__crt_stdio_output@@@2@@__crt_stdio_output@@AEAA_NXZ 000000018000df2c f i libucrt:output.obj
 0001:0000d1f8       ?state_case_type@?$output_processor@_WV?$string_output_adapter@_W@__crt_stdio_output@@V?$standard_base@_WV?$string_output_adapter@_W@__crt_stdio_output@@@2@@__crt_stdio_output@@AEAA_NXZ 000000018000e1f8 f i libucrt:output.obj
 0001:0000d4c4       ?type_case_Z@?$output_processor@_WV?$string_output_adapter@_W@__crt_stdio_output@@V?$standard_base@_WV?$string_output_adapter@_W@__crt_stdio_output@@@2@@__crt_stdio_output@@AEAA_NXZ 000000018000e4c4 f i libucrt:output.obj
 0001:0000d4c4       ?type_case_Z@?$output_processor@_WV?$stream_output_adapter@_W@__crt_stdio_output@@V?$standard_base@_WV?$stream_output_adapter@_W@__crt_stdio_output@@@2@@__crt_stdio_output@@AEAA_NXZ 000000018000e4c4 f i libucrt:output.obj
 0001:0000d544       ?type_case_a@?$output_processor@_WV?$string_output_adapter@_W@__crt_stdio_output@@V?$standard_base@_WV?$string_output_adapter@_W@__crt_stdio_output@@@2@@__crt_stdio_output@@AEAA_NXZ 000000018000e544 f i libucrt:output.obj
 0001:0000d544       ?type_case_a@?$output_processor@_WV?$stream_output_adapter@_W@__crt_stdio_output@@V?$standard_base@_WV?$stream_output_adapter@_W@__crt_stdio_output@@@2@@__crt_stdio_output@@AEAA_NXZ 000000018000e544 f i libucrt:output.obj
 0001:0000d788       ?type_case_c_tchar@?$output_processor@_WV?$stream_output_adapter@_W@__crt_stdio_output@@V?$standard_base@_WV?$stream_output_adapter@_W@__crt_stdio_output@@@2@@__crt_stdio_output@@AEAA_N_W@Z 000000018000e788 f i libucrt:output.obj
 0001:0000d788       ?type_case_c_tchar@?$output_processor@_WV?$string_output_adapter@_W@__crt_stdio_output@@V?$standard_base@_WV?$string_output_adapter@_W@__crt_stdio_output@@@2@@__crt_stdio_output@@AEAA_N_W@Z 000000018000e788 f i libucrt:output.obj
 0001:0000d830       ?type_case_integer@?$output_processor@_WV?$stream_output_adapter@_W@__crt_stdio_output@@V?$standard_base@_WV?$stream_output_adapter@_W@__crt_stdio_output@@@2@@__crt_stdio_output@@AEAA_NI_N@Z 000000018000e830 f i libucrt:output.obj
 0001:0000d830       ?type_case_integer@?$output_processor@_WV?$string_output_adapter@_W@__crt_stdio_output@@V?$standard_base@_WV?$string_output_adapter@_W@__crt_stdio_output@@@2@@__crt_stdio_output@@AEAA_NI_N@Z 000000018000e830 f i libucrt:output.obj
 0001:0000d9d0       ?type_case_n@?$output_processor@_WV?$string_output_adapter@_W@__crt_stdio_output@@V?$standard_base@_WV?$string_output_adapter@_W@__crt_stdio_output@@@2@@__crt_stdio_output@@AEAA_NXZ 000000018000e9d0 f i libucrt:output.obj
 0001:0000d9d0       ?type_case_n@?$output_processor@_WV?$stream_output_adapter@_W@__crt_stdio_output@@V?$standard_base@_WV?$stream_output_adapter@_W@__crt_stdio_output@@@2@@__crt_stdio_output@@AEAA_NXZ 000000018000e9d0 f i libucrt:output.obj
 0001:0000daac       ?type_case_s@?$output_processor@_WV?$string_output_adapter@_W@__crt_stdio_output@@V?$standard_base@_WV?$string_output_adapter@_W@__crt_stdio_output@@@2@@__crt_stdio_output@@AEAA_NXZ 000000018000eaac f i libucrt:output.obj
 0001:0000daac       ?type_case_s@?$output_processor@_WV?$stream_output_adapter@_W@__crt_stdio_output@@V?$standard_base@_WV?$stream_output_adapter@_W@__crt_stdio_output@@@2@@__crt_stdio_output@@AEAA_NXZ 000000018000eaac f i libucrt:output.obj
 0001:0000db74       ?write_stored_string_tchar@?$output_processor@_WV?$stream_output_adapter@_W@__crt_stdio_output@@V?$standard_base@_WV?$stream_output_adapter@_W@__crt_stdio_output@@@2@@__crt_stdio_output@@AEAA_N_W@Z 000000018000eb74 f i libucrt:output.obj
 0001:0000dc60       ?write_stored_string_tchar@?$output_processor@_WV?$string_output_adapter@_W@__crt_stdio_output@@V?$standard_base@_WV?$string_output_adapter@_W@__crt_stdio_output@@@2@@__crt_stdio_output@@AEAA_N_W@Z 000000018000ec60 f i libucrt:output.obj
 0001:0000dd50       ?write_string@?$stream_output_adapter@_W@__crt_stdio_output@@QEBAXQEB_WHQEAH1@Z 000000018000ed50 f i libucrt:output.obj
 0001:0000de5c       ?write_string@?$string_output_adapter@_W@__crt_stdio_output@@QEBAXQEB_WHQEAH1@Z 000000018000ee5c f i libucrt:output.obj
 0001:0000df1c       __stdio_common_vfwprintf   000000018000ef1c f   libucrt:output.obj
 0001:0000dfa8       __stdio_common_vswprintf   000000018000efa8 f   libucrt:output.obj
 0001:0000e1e0       ??$is_overflow_condition@K@__crt_strtox@@YA_NIK@Z 000000018000f1e0 f i libucrt:atox.obj
 0001:0000e20c       ??$parse_integer@KV?$c_string_character_source@_W@__crt_strtox@@@__crt_strtox@@YAKQEAU__crt_locale_pointers@@V?$c_string_character_source@_W@0@H_N@Z 000000018000f20c f i libucrt:atox.obj
 0001:0000e8e0       _query_app_type            000000018000f8e0 f   libucrt:report_runtime_error.obj
 0001:0000e8e8       __acrt_errno_from_os_error 000000018000f8e8 f   libucrt:errno.obj
 0001:0000e930       __acrt_errno_map_os_error  000000018000f930 f   libucrt:errno.obj
 0001:0000e980       __doserrno                 000000018000f980 f   libucrt:errno.obj
 0001:0000e9a0       _errno                     000000018000f9a0 f   libucrt:errno.obj
 0001:0000eae8       _itow_s                    000000018000fae8 f   libucrt:xtoa.obj
 0001:0000eb08       _set_error_mode            000000018000fb08 f   libucrt:set_error_mode.obj
 0001:0000eb48       wcscat_s                   000000018000fb48 f   libucrt:wcscat_s.obj
 0001:0000ebc8       wcscpy_s                   000000018000fbc8 f   libucrt:wcscpy_s.obj
 0001:0000ec30       wcsncat_s                  000000018000fc30 f   libucrt:wcsncat_s.obj
 0001:0000ed58       __acrt_show_wide_message_box 000000018000fd58 f   libucrt:crtmbox.obj
 0001:0000ee74       __acrt_initialize_stdio    000000018000fe74 f   libucrt:_file.obj
 0001:0000ef94       __acrt_iob_func            000000018000ff94 f   libucrt:_file.obj
 0001:0000efa8       __acrt_uninitialize_stdio  000000018000ffa8 f   libucrt:_file.obj
 0001:0000f004       _lock_file                 0000000180010004 f   libucrt:_file.obj
 0001:0000f010       _unlock_file               0000000180010010 f   libucrt:_file.obj
 0001:0000f01c       __acrt_stdio_flush_nolock  000000018001001c f   libucrt:fflush.obj
 0001:0000f094       _fflush_nolock             0000000180010094 f   libucrt:fflush.obj
 0001:0000f0e0       _flushall                  00000001800100e0 f   libucrt:fflush.obj
 0001:0000f1d0       fflush                     00000001800101d0 f   libucrt:fflush.obj
 0001:0000f214       ??$?RV<lambda_7a5ef57ff966f610505f1d28a3d40618>@@AEAV<lambda_b721fa326cdb32351d23dfa67958c160>@@V<lambda_5e0fb27672408a07956fe59e48ccb2aa>@@@?$__crt_seh_guarded_call@H@@QEAAH$$QEAV<lambda_7a5ef57ff966f610505f1d28a3d40618>@@AEAV<lambda_b721fa326cdb32351d23dfa67958c160>@@$$QEAV<lambda_5e0fb27672408a07956fe59e48ccb2aa>@@@Z 0000000180010214 f i libucrt:setvbuf.obj
 0001:0000f344       setvbuf                    0000000180010344 f   libucrt:setvbuf.obj
 0001:0000f3e4       ??$?RV<lambda_c36588078e9f5dfd39652860aa6b3aaf>@@AEAV<lambda_ec61778202f4f5fc7e7711acc23c3bca>@@V<lambda_dc9d2797ccde5d239b4a0efae8ebd7db>@@@?$__crt_seh_guarded_call@P6AXH@Z@@QEAAP6AXH@Z$$QEAV<lambda_c36588078e9f5dfd39652860aa6b3aaf>@@AEAV<lambda_ec61778202f4f5fc7e7711acc23c3bca>@@$$QEAV<lambda_dc9d2797ccde5d239b4a0efae8ebd7db>@@@Z 00000001800103e4 f i libucrt:signal.obj
 0001:0000f42c       __acrt_get_sigabrt_handler 000000018001042c f   libucrt:signal.obj
 0001:0000f45c       __acrt_initialize_signal_handlers 000000018001045c f   libucrt:signal.obj
 0001:0000f47c       raise                      000000018001047c f   libucrt:signal.obj
 0001:0000f718       ??$?RV<lambda_46352004c1216016012b18bd6f87e700>@@AEAV<lambda_3bd07e1a1191394380780325891bf33f>@@V<lambda_334532d3f185bcaa59b5be82d7d22bff>@@@?$__crt_seh_guarded_call@X@@QEAAX$$QEAV<lambda_46352004c1216016012b18bd6f87e700>@@AEAV<lambda_3bd07e1a1191394380780325891bf33f>@@$$QEAV<lambda_334532d3f185bcaa59b5be82d7d22bff>@@@Z 0000000180010718 f i libucrt:per_thread_data.obj
 0001:0000f778       ??$?RV<lambda_5e887d1dcbef67a5eb4283622ba103bf>@@AEAV<lambda_4466841279450cc726390878d4a41900>@@V<lambda_341c25c0346d94847f1f3c463c57e077>@@@?$__crt_seh_guarded_call@X@@QEAAX$$QEAV<lambda_5e887d1dcbef67a5eb4283622ba103bf>@@AEAV<lambda_4466841279450cc726390878d4a41900>@@$$QEAV<lambda_341c25c0346d94847f1f3c463c57e077>@@@Z 0000000180010778 f i libucrt:per_thread_data.obj
 0001:0000f7c0       ??$?RV<lambda_72d1df2b273a38828b1ce30cbf4cdab5>@@AEAV<lambda_876a65b173b8412d3a47c70a915b0cf4>@@V<lambda_41932305e351933ebe8f8be3ed8bb5dc>@@@?$__crt_seh_guarded_call@X@@QEAAX$$QEAV<lambda_72d1df2b273a38828b1ce30cbf4cdab5>@@AEAV<lambda_876a65b173b8412d3a47c70a915b0cf4>@@$$QEAV<lambda_41932305e351933ebe8f8be3ed8bb5dc>@@@Z 00000001800107c0 f i libucrt:per_thread_data.obj
 0001:0000f800       ??$?RV<lambda_fb3a7dec4e47f37f22dae91bb15c9095>@@AEAV<lambda_698284760c8add0bfb0756c19673e34b>@@V<lambda_dfb8eca1e75fef3034a8fb18dd509707>@@@?$__crt_seh_guarded_call@X@@QEAAX$$QEAV<lambda_fb3a7dec4e47f37f22dae91bb15c9095>@@AEAV<lambda_698284760c8add0bfb0756c19673e34b>@@$$QEAV<lambda_dfb8eca1e75fef3034a8fb18dd509707>@@@Z 0000000180010800 f i libucrt:per_thread_data.obj
 0001:0000fa90       __acrt_freeptd             0000000180010a90 f   libucrt:per_thread_data.obj
 0001:0000fad4       __acrt_getptd              0000000180010ad4 f   libucrt:per_thread_data.obj
 0001:0000fb68       __acrt_getptd_noexit       0000000180010b68 f   libucrt:per_thread_data.obj
 0001:0000fc08       __acrt_initialize_ptd      0000000180010c08 f   libucrt:per_thread_data.obj
 0001:0000fc44       __acrt_uninitialize_ptd    0000000180010c44 f   libucrt:per_thread_data.obj
 0001:0000fcb8       _tolower_l                 0000000180010cb8 f   libucrt:tolower_toupper.obj
 0001:0000fdf8       tolower                    0000000180010df8 f   libucrt:tolower_toupper.obj
 0001:0000fe24       __acrt_update_locale_info  0000000180010e24 f   libucrt:locale_update.obj
 0001:0000fe58       __acrt_update_multibyte_info 0000000180010e58 f   libucrt:locale_update.obj
 0001:0000fe8c       __acrt_set_locale_changed  0000000180010e8c f   libucrt:wsetlocale.obj
 0001:0000fe98       __acrt_uninitialize_locale 0000000180010e98 f   libucrt:wsetlocale.obj
 0001:0000fee0       __acrt_initialize_locks    0000000180010ee0 f   libucrt:locks.obj
 0001:0000ff28       __acrt_lock                0000000180010f28 f   libucrt:locks.obj
 0001:0000ff44       __acrt_uninitialize_locks  0000000180010f44 f   libucrt:locks.obj
 0001:0000ff7c       __acrt_unlock              0000000180010f7c f   libucrt:locks.obj
 0001:00010138       __acrt_FlsAlloc            0000000180011138 f   libucrt:winapi_thunks.obj
 0001:00010190       __acrt_FlsFree             0000000180011190 f   libucrt:winapi_thunks.obj
 0001:000101e8       __acrt_FlsGetValue         00000001800111e8 f   libucrt:winapi_thunks.obj
 0001:00010240       __acrt_FlsSetValue         0000000180011240 f   libucrt:winapi_thunks.obj
 0001:000102a8       __acrt_InitializeCriticalSectionEx 00000001800112a8 f   libucrt:winapi_thunks.obj
 0001:00010320       __acrt_LCMapStringEx       0000000180011320 f   libucrt:winapi_thunks.obj
 0001:00010410       __acrt_LocaleNameToLCID    0000000180011410 f   libucrt:winapi_thunks.obj
 0001:00010478       __acrt_MessageBoxW         0000000180011478 f   libucrt:winapi_thunks.obj
 0001:00010500       __acrt_can_show_message_box 0000000180011500 f   libucrt:winapi_thunks.obj
 0001:0001055c       __acrt_get_parent_window   000000018001155c f   libucrt:winapi_thunks.obj
 0001:000105ec       __acrt_initialize_winapi_thunks 00000001800115ec f   libucrt:winapi_thunks.obj
 0001:00010624       __acrt_is_interactive      0000000180011624 f   libucrt:winapi_thunks.obj
 0001:000106f8       __acrt_is_packaged_app     00000001800116f8 f   libucrt:winapi_thunks.obj
 0001:00010780       __acrt_uninitialize_winapi_thunks 0000000180011780 f   libucrt:winapi_thunks.obj
 0001:00010ca0       ?expand_if_necessary@?$argument_list@D@?A0xca0879c4@@AEAAHXZ 0000000180011ca0 f i libucrt:argv_wildcards.obj
 0001:00010d68       __acrt_expand_narrow_argv_wildcards 0000000180011d68 f   libucrt:argv_wildcards.obj
 0001:00010d70       ??$?RV<lambda_99476a1ad63dd22509b5d3e65b0ffc95>@@AEAV<lambda_ad1ced32f4ac17aa236e5ef05d6b3b7c>@@V<lambda_f7424dd8d45958661754dc4f2697e9c3>@@@?$__crt_seh_guarded_call@X@@QEAAX$$QEAV<lambda_99476a1ad63dd22509b5d3e65b0ffc95>@@AEAV<lambda_ad1ced32f4ac17aa236e5ef05d6b3b7c>@@$$QEAV<lambda_f7424dd8d45958661754dc4f2697e9c3>@@@Z 0000000180011d70 f i libucrt:mbctype.obj
 0001:0001146c       __acrt_initialize_multibyte 000000018001246c f   libucrt:mbctype.obj
 0001:00011494       __acrt_update_thread_multibyte_data 0000000180012494 f   libucrt:mbctype.obj
 0001:00011554       _setmbcp_nolock            0000000180012554 f   libucrt:mbctype.obj
 0001:00011874       _ismbblead                 0000000180012874 f   libucrt:ismbbyte.obj
 0001:00011888       __acrt_initialize_command_line 0000000180012888 f   libucrt:argv_data.obj
 0001:000118b0       __dcrt_get_narrow_environment_from_os 00000001800128b0 f   libucrt:get_environment_from_os.obj
 0001:000119b4       _recalloc                  00000001800129b4 f   libucrt:recalloc.obj
 0001:000119bc       _recalloc_base             00000001800129bc f   libucrt:recalloc.obj
 0001:00011a54       __acrt_initialize_heap     0000000180012a54 f   libucrt:heap_handle.obj
 0001:00011a70       __acrt_uninitialize_heap   0000000180012a70 f   libucrt:heap_handle.obj
 0001:00011c64       __acrt_initialize_lowio    0000000180012c64 f   libucrt:ioinit.obj
 0001:00011ca0       __acrt_uninitialize_lowio  0000000180012ca0 f   libucrt:ioinit.obj
 0001:00011ce0       __acrt_execute_initializers 0000000180012ce0 f   libucrt:shared_initialization.obj
 0001:00011d74       __acrt_execute_uninitializers 0000000180012d74 f   libucrt:shared_initialization.obj
 0001:00011dc4       __acrt_has_user_matherr    0000000180012dc4 f   libucrt:matherr.obj
 0001:00011de4       __acrt_initialize_user_matherr 0000000180012de4 f   libucrt:matherr.obj
 0001:00011dec       __acrt_invoke_user_matherr 0000000180012dec f   libucrt:matherr.obj
 0001:00011e34       __acrt_stdio_begin_temporary_buffering_nolock 0000000180012e34 f   libucrt:_sftbuf.obj
 0001:00011f04       __acrt_stdio_end_temporary_buffering_nolock 0000000180012f04 f   libucrt:_sftbuf.obj
 0001:00011f40       _query_new_mode            0000000180012f40 f   libucrt:new_mode.obj
 0001:00011f48       isdigit                    0000000180012f48 f i libucrt:_ctype.obj
 0001:00011fbc       ??$make_c_string_character_source@_WPEAPEA_W@__crt_strtox@@YA?AV?$c_string_character_source@_W@0@QEB_WQEAPEA_W@Z 0000000180012fbc f i libucrt:strtox.obj
 0001:00011fd0       wcstol                     0000000180012fd0 f   libucrt:strtox.obj
 0001:00012000       _mbtowc_l                  0000000180013000 f   libucrt:mbtowc.obj
 0001:00012148       mbtowc                     0000000180013148 f   libucrt:mbtowc.obj
 0001:00012150       _wctomb_s_l                0000000180013150 f   libucrt:wctomb.obj
 0001:000122d4       wctomb_s                   00000001800132d4 f   libucrt:wctomb.obj
 0001:000122e8       wcsnlen                    00000001800132e8 f   libucrt:strnlen.obj
 0001:000124d8       ?__acrt_fp_classify@@YA?AW4__acrt_fp_class@@AEBN@Z 00000001800134d8 f i libucrt:cvt.obj
 0001:00012f10       __acrt_fp_format           0000000180013f10 f   libucrt:cvt.obj
 0001:00013154       _fputwc_nolock             0000000180014154 f   libucrt:fputwc.obj
 0001:000132d0       _fileno                    00000001800142d0 f   libucrt:fileno.obj
 0001:000132f8       _fputc_nolock              00000001800142f8 f   libucrt:fputc.obj
 0001:00013310       _get_printf_count_output   0000000180014310 f   libucrt:printf_count_output.obj
 0001:00013328       __pctype_func              0000000180014328 f   libucrt:ctype.obj
 0001:00013358       iswctype                   0000000180014358 f   libucrt:iswctype.obj
 0001:000133c8       _isctype_l                 00000001800143c8 f   libucrt:isctype.obj
 0001:000134d8       _fcloseall                 00000001800144d8 f   libucrt:closeall.obj
 0001:0001358c       __acrt_stdio_free_buffer_nolock 000000018001458c f   libucrt:_freebuf.obj
 0001:000135cc       ??$?RV<lambda_b521505b218e5242e90febf6bfebc422>@@AEAV<lambda_6978c1fb23f02e42e1d9e99668cc68aa>@@V<lambda_314360699dd331753a4119843814e9a7>@@@?$__crt_seh_guarded_call@H@@QEAAH$$QEAV<lambda_b521505b218e5242e90febf6bfebc422>@@AEAV<lambda_6978c1fb23f02e42e1d9e99668cc68aa>@@$$QEAV<lambda_314360699dd331753a4119843814e9a7>@@@Z 00000001800145cc f i libucrt:commit.obj
 0001:00013658       _commit                    0000000180014658 f   libucrt:commit.obj
 0001:00013c8c       _write                     0000000180014c8c f   libucrt:write.obj
 0001:00013d78       _write_nolock              0000000180014d78 f   libucrt:write.obj
 0001:0001405c       __acrt_add_locale_ref      000000018001505c f   libucrt:locale_refcounting.obj
 0001:000140e8       __acrt_free_locale         00000001800150e8 f   libucrt:locale_refcounting.obj
 0001:00014260       __acrt_locale_add_lc_time_reference 0000000180015260 f   libucrt:locale_refcounting.obj
 0001:00014288       __acrt_locale_free_lc_time_if_unreferenced 0000000180015288 f   libucrt:locale_refcounting.obj
 0001:000142c0       __acrt_locale_release_lc_time_reference 00000001800152c0 f   libucrt:locale_refcounting.obj
 0001:000142e8       __acrt_release_locale_ref  00000001800152e8 f   libucrt:locale_refcounting.obj
 0001:00014390       __acrt_update_thread_locale_data 0000000180015390 f   libucrt:locale_refcounting.obj
 0001:00014400       _updatetlocinfoEx_nolock   0000000180015400 f   libucrt:locale_refcounting.obj
 0001:00014468       _isleadbyte_l              0000000180015468 f i libucrt:_wctype.obj
 0001:00014804       __acrt_LCMapStringA        0000000180015804 f   libucrt:lcmapstringa.obj
 0001:0001489c       __acrt_locale_free_monetary 000000018001589c f   libucrt:initmon.obj
 0001:000149a8       __acrt_locale_free_numeric 00000001800159a8 f   libucrt:initnum.obj
 0001:00014a6c       __acrt_locale_free_time    0000000180015a6c f   libucrt:inittime.obj
 0001:00014b74       __acrt_GetStringTypeA      0000000180015b74 f   libucrt:getstringtypea.obj
 0001:00014df0       __acrt_DownlevelLocaleNameToLCID 0000000180015df0 f   libucrt:lcidtoname_downlevel.obj
 0001:00014f00       qsort                      0000000180015f00 f   libucrt:qsort.obj
 0001:00015234       strncpy_s                  0000000180016234 f   libucrt:strncpy_s.obj
 0001:00015308       strpbrk                    0000000180016308 f   libucrt:strpbrk.obj
 0001:000153a8       _mbsdec                    00000001800163a8 f   libucrt:mbsdec.obj
 0001:000153b0       _mbsdec_l                  00000001800163b0 f   libucrt:mbsdec.obj
 0001:00015460       _msize                     0000000180016460 f   libucrt:msize.obj
 0001:0001549c       _realloc_base              000000018001649c f   libucrt:realloc_base.obj
 0001:00015520       __acrt_lowio_create_handle_array 0000000180016520 f   libucrt:osfinfo.obj
 0001:000155b8       __acrt_lowio_destroy_handle_array 00000001800165b8 f   libucrt:osfinfo.obj
 0001:00015608       __acrt_lowio_ensure_fh_exists 0000000180016608 f   libucrt:osfinfo.obj
 0001:000156c0       __acrt_lowio_lock_fh       00000001800166c0 f   libucrt:osfinfo.obj
 0001:000156e4       __acrt_lowio_unlock_fh     00000001800166e4 f   libucrt:osfinfo.obj
 0001:00015708       _free_osfhnd               0000000180016708 f   libucrt:osfinfo.obj
 0001:000157c4       _get_osfhandle             00000001800167c4 f   libucrt:osfinfo.obj
 0001:0001583c       _isatty                    000000018001683c f   libucrt:isatty.obj
 0001:0001589c       __acrt_fp_strflt_to_string 000000018001689c f   libucrt:_fptostr.obj
 0001:00015960       ?divide@__crt_strtox@@YA_KAEAUbig_integer@1@AEBU21@@Z 0000000180016960 f i libucrt:cfout.obj
 0001:00015e30       __acrt_fltout              0000000180016e30 f   libucrt:cfout.obj
 0001:00017434       __acrt_stdio_flush_and_write_narrow_nolock 0000000180018434 f   libucrt:_flsbuf.obj
 0001:0001751c       __acrt_stdio_flush_and_write_wide_nolock 000000018001851c f   libucrt:_flsbuf.obj
 0001:00017608       _fclose_nolock             0000000180018608 f   libucrt:fclose.obj
 0001:0001768c       fclose                     000000018001868c f   libucrt:fclose.obj
 0001:00017884       _lseeki64                  0000000180018884 f   libucrt:lseek.obj
 0001:0001788c       _lseeki64_nolock           000000018001888c f   libucrt:lseek.obj
 0001:00017894       _putwch_nolock             0000000180018894 f   libucrt:putwch.obj
 0001:000178f0       __strncnt                  00000001800188f0 f   libucrt:strncnt.obj
 0001:00017908       fegetenv                   0000000180018908 f   libucrt:fegetenv.obj
 0001:00017928       fesetenv                   0000000180018928 f   libucrt:fesetenv.obj
 0001:00017974       feholdexcept               0000000180018974 f   libucrt:feholdexcept.obj
 0001:000179c4       ceil                       00000001800189c4 f   libucrt:ceil.obj
 0001:00017a90       log10                      0000000180018a90 f   libucrt:log10.obj
 0001:0001803c       __acrt_stdio_allocate_buffer_nolock 000000018001903c f   libucrt:_getbuf.obj
 0001:000180a0       ??$?RV<lambda_bfedae4ebbf01fab1bb6dcc6a9e276e0>@@AEAV<lambda_2fe9b910cf3cbf4a0ab98a02ba45b3ec>@@V<lambda_237c231691f317818eb88cc1d5d642d6>@@@?$__crt_seh_guarded_call@H@@QEAAH$$QEAV<lambda_bfedae4ebbf01fab1bb6dcc6a9e276e0>@@AEAV<lambda_2fe9b910cf3cbf4a0ab98a02ba45b3ec>@@$$QEAV<lambda_237c231691f317818eb88cc1d5d642d6>@@@Z 00000001800190a0 f i libucrt:close.obj
 0001:00018114       _close                     0000000180019114 f   libucrt:close.obj
 0001:000181b8       _close_nolock              00000001800191b8 f   libucrt:close.obj
 0001:00018274       ?__acrt_stdio_free_stream@@YAXV__crt_stdio_stream@@@Z 0000000180019274 f   libucrt:stream.obj
 0001:000182b8       __dcrt_lowio_initialize_console_output 00000001800192b8 f   libucrt:initcon.obj
 0001:000182f4       __dcrt_terminate_console_output 00000001800192f4 f   libucrt:initcon.obj
 0001:00018314       _getfpcontrolword          0000000180019314 f   libucrt:_fenvutils.obj
 0001:0001832c       _getfpstatusword           000000018001932c f   libucrt:_fenvutils.obj
 0001:00018340       _setfpcontrolword          0000000180019340 f   libucrt:_fenvutils.obj
 0001:0001834c       _setfpstatusword           000000018001934c f   libucrt:_fenvutils.obj
 0001:0001839c       _clearfp                   000000018001939c f   libucrt:ieee.obj
 0001:000183f0       _controlfp                 00000001800193f0 f   libucrt:ieee.obj
 0001:000183fc       _statusfp                  00000001800193fc f   libucrt:ieee.obj
 0001:00018800       _handle_error              0000000180019800 f   libucrt:libm_error.obj
 0001:00018928       _handle_errorf             0000000180019928 f   libucrt:libm_error.obj
 0001:00018a5c       _handle_nan                0000000180019a5c f   libucrt:libm_error.obj
 0001:00018a78       _handle_nanf               0000000180019a78 f   libucrt:libm_error.obj
 0001:00018a90       __acrt_initialize_fma3     0000000180019a90 f   libucrt:fma3_available.obj
 0001:00018b00       _log10_special             0000000180019b00 f   libucrt:log_special.obj
 0001:00018bd0       _get_fpsr                  0000000180019bd0 f   libucrt:fpsr.obj
 0001:00018be0       _set_fpsr                  0000000180019be0 f   libucrt:fpsr.obj
 0001:00018bea       _fclrf                     0000000180019bea f   libucrt:fpsr.obj
 0001:00018bfe       _frnd                      0000000180019bfe f   libucrt:fpsr.obj
 0001:00018c20       _raise_exc                 0000000180019c20 f   libucrt:fpexcept.obj
 0001:00018c48       _raise_exc_ex              0000000180019c48 f   libucrt:fpexcept.obj
 0001:00018f50       _raise_excf                0000000180019f50 f   libucrt:fpexcept.obj
 0001:00018f7c       _set_errno_from_matherr    0000000180019f7c f   libucrt:fpexcept.obj
 0001:00018fac       _clrfp                     0000000180019fac f   libucrt:fpctrl.obj
 0001:00018fcc       _ctrlfp                    0000000180019fcc f   libucrt:fpctrl.obj
 0001:00019048       _set_statfp                000000018001a048 f   libucrt:fpctrl.obj
 0001:00019068       _statfp                    000000018001a068 f   libucrt:fpctrl.obj
 0001:0001907a       IsProcessorFeaturePresent  000000018001a07a f   kernel32:KERNEL32.dll
 0001:00019080       RtlUnwindEx                000000018001a080 f   kernel32:KERNEL32.dll
 0001:00019090       _FindPESection             000000018001a090 f   LIBCMT:pesect.obj
 0001:000190e0       _IsNonwritableInCurrentImage 000000018001a0e0 f   LIBCMT:pesect.obj
 0001:00019130       _ValidateImageBase         000000018001a130 f   LIBCMT:pesect.obj
 0001:00019160       __GSHandlerCheck           000000018001a160 f   LIBCMT:_gshandler_.obj
 0001:00019180       __GSHandlerCheckCommon     000000018001a180 f   LIBCMT:_gshandler_.obj
 0001:000191f0       __chkstk                   000000018001a1f0 f   LIBCMT:_chkstk_.obj
 0001:000191f0       _alloca_probe              000000018001a1f0 f   LIBCMT:_chkstk_.obj
 0001:00019260       memcmp                     000000018001a260 f   libvcruntime:memcmp.obj
 0001:00019328       strrchr                    000000018001a328 f   libvcruntime:strrchr.obj
 0001:00019468       atanf                      000000018001a468 f   libucrt:atanf.obj
 0001:00019670       cosf                       000000018001a670 f   libucrt:cosf.obj
 0001:00019b70       floorf                     000000018001ab70 f   libucrt:floorf.obj
 0001:00019c00       sinf                       000000018001ac00 f   libucrt:sinf.obj
 0001:0001a300       __remainder_piby2d2f_forAsm 000000018001b300 f   libucrt:remainder_piby2f_forasm.obj
 0001:0001a450       __remainder_piby2_fma3     000000018001b450 f   libucrt:remainder_piby2_forfma3.obj
 0001:0001a640       __remainder_piby2_fma3_bdl 000000018001b640 f   libucrt:remainder_piby2_forfma3.obj
 0001:0001a6b8       _cosf_special              000000018001b6b8 f   libucrt:sincos_special.obj
 0001:0001a758       _sinf_special              000000018001b758 f   libucrt:sincos_special.obj
 0001:0001a770       __remainder_piby2d2f_forC  000000018001b770 f   libucrt:remainder_piby2f_forc.obj
 0001:0001a910       _guard_dispatch_icall_nop  000000018001b910 f   LIBCMT:_guard_dispatch_.obj
 0002:00000000       __imp_SetFilePointerEx     000000018001c000     kernel32:KERNEL32.dll
 0002:00000008       __imp_SetStdHandle         000000018001c008     kernel32:KERNEL32.dll
 0002:00000010       __imp_HeapReAlloc          000000018001c010     kernel32:KERNEL32.dll
 0002:00000018       __imp_HeapSize             000000018001c018     kernel32:KERNEL32.dll
 0002:00000020       __imp_GetConsoleMode       000000018001c020     kernel32:KERNEL32.dll
 0002:00000028       __imp_GetConsoleCP         000000018001c028     kernel32:KERNEL32.dll
 0002:00000030       __imp_FlushFileBuffers     000000018001c030     kernel32:KERNEL32.dll
 0002:00000038       __imp_GetStringTypeW       000000018001c038     kernel32:KERNEL32.dll
 0002:00000040       __imp_GetProcessHeap       000000018001c040     kernel32:KERNEL32.dll
 0002:00000048       __imp_FreeEnvironmentStringsW 000000018001c048     kernel32:KERNEL32.dll
 0002:00000050       __imp_GetEnvironmentStringsW 000000018001c050     kernel32:KERNEL32.dll
 0002:00000058       __imp_GetCommandLineW      000000018001c058     kernel32:KERNEL32.dll
 0002:00000060       __imp_GetCommandLineA      000000018001c060     kernel32:KERNEL32.dll
 0002:00000068       __imp_GetCPInfo            000000018001c068     kernel32:KERNEL32.dll
 0002:00000070       __imp_GetOEMCP             000000018001c070     kernel32:KERNEL32.dll
 0002:00000078       __imp_IsValidCodePage      000000018001c078     kernel32:KERNEL32.dll
 0002:00000080       __imp_FindNextFileA        000000018001c080     kernel32:KERNEL32.dll
 0002:00000088       __imp_FindFirstFileExA     000000018001c088     kernel32:KERNEL32.dll
 0002:00000090       __imp_FindClose            000000018001c090     kernel32:KERNEL32.dll
 0002:00000098       __imp_LCMapStringW         000000018001c098     kernel32:KERNEL32.dll
 0002:000000a0       __imp_GetACP               000000018001c0a0     kernel32:KERNEL32.dll
 0002:000000a8       __imp_CreateThread         000000018001c0a8     kernel32:KERNEL32.dll
 0002:000000b0       __imp_WaitForSingleObjectEx 000000018001c0b0     kernel32:KERNEL32.dll
 0002:000000b8       __imp_CloseHandle          000000018001c0b8     kernel32:KERNEL32.dll
 0002:000000c0       __imp_OutputDebugStringW   000000018001c0c0     kernel32:KERNEL32.dll
 0002:000000c8       __imp_WriteFile            000000018001c0c8     kernel32:KERNEL32.dll
 0002:000000d0       __imp_HeapAlloc            000000018001c0d0     kernel32:KERNEL32.dll
 0002:000000d8       __imp_HeapFree             000000018001c0d8     kernel32:KERNEL32.dll
 0002:000000e0       __imp_WideCharToMultiByte  000000018001c0e0     kernel32:KERNEL32.dll
 0002:000000e8       __imp_MultiByteToWideChar  000000018001c0e8     kernel32:KERNEL32.dll
 0002:000000f0       __imp_ExitProcess          000000018001c0f0     kernel32:KERNEL32.dll
 0002:000000f8       __imp_WriteConsoleW        000000018001c0f8     kernel32:KERNEL32.dll
 0002:00000100       __imp_GetModuleHandleExW   000000018001c100     kernel32:KERNEL32.dll
 0002:00000108       __imp_GetModuleFileNameW   000000018001c108     kernel32:KERNEL32.dll
 0002:00000110       __imp_GetModuleFileNameA   000000018001c110     kernel32:KERNEL32.dll
 0002:00000118       __imp_GetFileType          000000018001c118     kernel32:KERNEL32.dll
 0002:00000120       __imp_GetStdHandle         000000018001c120     kernel32:KERNEL32.dll
 0002:00000128       __imp_LoadLibraryExW       000000018001c128     kernel32:KERNEL32.dll
 0002:00000130       __imp_GetProcAddress       000000018001c130     kernel32:KERNEL32.dll
 0002:00000138       __imp_FreeLibrary          000000018001c138     kernel32:KERNEL32.dll
 0002:00000140       __imp_TlsFree              000000018001c140     kernel32:KERNEL32.dll
 0002:00000148       __imp_TlsSetValue          000000018001c148     kernel32:KERNEL32.dll
 0002:00000150       __imp_TlsGetValue          000000018001c150     kernel32:KERNEL32.dll
 0002:00000158       __imp_TlsAlloc             000000018001c158     kernel32:KERNEL32.dll
 0002:00000160       __imp_RtlCaptureContext    000000018001c160     kernel32:KERNEL32.dll
 0002:00000168       __imp_RtlLookupFunctionEntry 000000018001c168     kernel32:KERNEL32.dll
 0002:00000170       __imp_RtlVirtualUnwind     000000018001c170     kernel32:KERNEL32.dll
 0002:00000178       __imp_UnhandledExceptionFilter 000000018001c178     kernel32:KERNEL32.dll
 0002:00000180       __imp_SetUnhandledExceptionFilter 000000018001c180     kernel32:KERNEL32.dll
 0002:00000188       __imp_GetCurrentProcess    000000018001c188     kernel32:KERNEL32.dll
 0002:00000190       __imp_TerminateProcess     000000018001c190     kernel32:KERNEL32.dll
 0002:00000198       __imp_IsProcessorFeaturePresent 000000018001c198     kernel32:KERNEL32.dll
 0002:000001a0       __imp_IsDebuggerPresent    000000018001c1a0     kernel32:KERNEL32.dll
 0002:000001a8       __imp_GetStartupInfoW      000000018001c1a8     kernel32:KERNEL32.dll
 0002:000001b0       __imp_GetModuleHandleW     000000018001c1b0     kernel32:KERNEL32.dll
 0002:000001b8       __imp_QueryPerformanceCounter 000000018001c1b8     kernel32:KERNEL32.dll
 0002:000001c0       __imp_GetCurrentProcessId  000000018001c1c0     kernel32:KERNEL32.dll
 0002:000001c8       __imp_GetCurrentThreadId   000000018001c1c8     kernel32:KERNEL32.dll
 0002:000001d0       __imp_GetSystemTimeAsFileTime 000000018001c1d0     kernel32:KERNEL32.dll
 0002:000001d8       __imp_InitializeSListHead  000000018001c1d8     kernel32:KERNEL32.dll
 0002:000001e0       __imp_RtlPcToFileHeader    000000018001c1e0     kernel32:KERNEL32.dll
 0002:000001e8       __imp_RaiseException       000000018001c1e8     kernel32:KERNEL32.dll
 0002:000001f0       __imp_RtlUnwindEx          000000018001c1f0     kernel32:KERNEL32.dll
 0002:000001f8       __imp_InterlockedFlushSList 000000018001c1f8     kernel32:KERNEL32.dll
 0002:00000200       __imp_GetLastError         000000018001c200     kernel32:KERNEL32.dll
 0002:00000208       __imp_SetLastError         000000018001c208     kernel32:KERNEL32.dll
 0002:00000210       __imp_EnterCriticalSection 000000018001c210     kernel32:KERNEL32.dll
 0002:00000218       __imp_LeaveCriticalSection 000000018001c218     kernel32:KERNEL32.dll
 0002:00000220       __imp_DeleteCriticalSection 000000018001c220     kernel32:KERNEL32.dll
 0002:00000228       __imp_InitializeCriticalSectionAndSpinCount 000000018001c228     kernel32:KERNEL32.dll
 0002:00000230       __imp_CreateFileW          000000018001c230     kernel32:KERNEL32.dll
 0002:00000238       \177KERNEL32_NULL_THUNK_DATA 000000018001c238     kernel32:KERNEL32.dll
 0002:00000240       __imp_GetDefaultKinectSensor 000000018001c240     kinect20:Kinect20.dll
 0002:00000248       \177Kinect20_NULL_THUNK_DATA 000000018001c248     kinect20:Kinect20.dll
 0002:00000250       __imp_uv_default_loop      000000018001c250     iojs:node.dll
 0002:00000258       __imp_uv_async_init        000000018001c258     iojs:node.dll
 0002:00000260       __imp_uv_thread_join       000000018001c260     iojs:node.dll
 0002:00000268       __imp_uv_async_send        000000018001c268     iojs:node.dll
 0002:00000270       __imp_uv_mutex_init        000000018001c270     iojs:node.dll
 0002:00000278       __imp_uv_thread_create     000000018001c278     iojs:node.dll
 0002:00000280       __imp_?MakeCallback@node@@YA?AV?$Local@VValue@v8@@@v8@@PEAVIsolate@3@V?$Local@VObject@v8@@@3@V?$Local@VFunction@v8@@@3@HPEAV23@@Z 000000018001c280     iojs:node.dll
 0002:00000288       __imp_?New@Buffer@node@@YA?AV?$MaybeLocal@VObject@v8@@@v8@@PEAVIsolate@4@PEAD_K@Z 000000018001c288     iojs:node.dll
 0002:00000290       __imp_node_module_register 000000018001c290     iojs:node.dll
 0002:00000298       __imp_uv_close             000000018001c298     iojs:node.dll
 0002:000002a0       __imp_uv_mutex_lock        000000018001c2a0     iojs:node.dll
 0002:000002a8       __imp_?New@ObjectTemplate@v8@@SA?AV?$Local@VObjectTemplate@v8@@@2@PEAVIsolate@2@V?$Local@VFunctionTemplate@v8@@@2@@Z 000000018001c2a8     iojs:node.dll
 0002:000002b0       __imp_?NewInstance@ObjectTemplate@v8@@QEAA?AV?$MaybeLocal@VObject@v8@@@2@V?$Local@VContext@v8@@@2@@Z 000000018001c2b0     iojs:node.dll
 0002:000002b8       __imp_?SetInternalFieldCount@ObjectTemplate@v8@@QEAAXH@Z 000000018001c2b8     iojs:node.dll
 0002:000002c0       __imp_?Set@Object@v8@@QEAA?AV?$Maybe@_N@2@V?$Local@VContext@v8@@@2@IV?$Local@VValue@v8@@@2@@Z 000000018001c2c0     iojs:node.dll
 0002:000002c8       __imp_?Set@Object@v8@@QEAA?AV?$Maybe@_N@2@V?$Local@VContext@v8@@@2@V?$Local@VValue@v8@@@2@1@Z 000000018001c2c8     iojs:node.dll
 0002:000002d0       __imp_?Get@Object@v8@@QEAA?AV?$Local@VValue@v8@@@2@I@Z 000000018001c2d0     iojs:node.dll
 0002:000002d8       __imp_?Get@Object@v8@@QEAA?AV?$MaybeLocal@VValue@v8@@@2@V?$Local@VContext@v8@@@2@V?$Local@VValue@v8@@@2@@Z 000000018001c2d8     iojs:node.dll
 0002:000002e0       __imp_?SetInternalField@Object@v8@@QEAAXHV?$Local@VValue@v8@@@2@@Z 000000018001c2e0     iojs:node.dll
 0002:000002e8       __imp_?New@Object@v8@@SA?AV?$Local@VObject@v8@@@2@PEAVIsolate@2@@Z 000000018001c2e8     iojs:node.dll
 0002:000002f0       __imp_?SlowGetInternalField@Object@v8@@AEAA?AV?$Local@VValue@v8@@@2@H@Z 000000018001c2f0     iojs:node.dll
 0002:000002f8       __imp_?Value@Number@v8@@QEBANXZ 000000018001c2f8     iojs:node.dll
 0002:00000300       __imp_?New@Number@v8@@SA?AV?$Local@VNumber@v8@@@2@PEAVIsolate@2@N@Z 000000018001c300     iojs:node.dll
 0002:00000308       __imp_?NewFromUtf8@String@v8@@SA?AV?$MaybeLocal@VString@v8@@@2@PEAVIsolate@2@PEBDW4NewStringType@2@H@Z 000000018001c308     iojs:node.dll
 0002:00000310       __imp_??0EscapableHandleScope@v8@@QEAA@PEAVIsolate@1@@Z 000000018001c310     iojs:node.dll
 0002:00000318       __imp_?Escape@EscapableHandleScope@v8@@AEAAPEAPEAVObject@internal@2@PEAPEAV342@@Z 000000018001c318     iojs:node.dll
 0002:00000320       __imp_?IsArray@Value@v8@@QEBA_NXZ 000000018001c320     iojs:node.dll
 0002:00000328       __imp_?BooleanValue@Value@v8@@QEBA?AV?$Maybe@_N@2@V?$Local@VContext@v8@@@2@@Z 000000018001c328     iojs:node.dll
 0002:00000330       __imp_?GlobalizeReference@V8@v8@@CAPEAPEAVObject@internal@2@PEAVIsolate@42@PEAPEAV342@@Z 000000018001c330     iojs:node.dll
 0002:00000338       __imp_?DisposeGlobal@V8@v8@@CAXPEAPEAVObject@internal@2@@Z 000000018001c338     iojs:node.dll
 0002:00000340       __imp_?FromJustIsNothing@V8@v8@@CAXXZ 000000018001c340     iojs:node.dll
 0002:00000348       __imp_?ToLocalEmpty@V8@v8@@CAXXZ 000000018001c348     iojs:node.dll
 0002:00000350       __imp_?New@FunctionTemplate@v8@@SA?AV?$Local@VFunctionTemplate@v8@@@2@PEAVIsolate@2@P6AXAEBV?$FunctionCallbackInfo@VValue@v8@@@2@@ZV?$Local@VValue@v8@@@2@V?$Local@VSignature@v8@@@2@HW4ConstructorBehavior@2@@Z 000000018001c350     iojs:node.dll
 0002:00000358       __imp_?GetFunction@FunctionTemplate@v8@@QEAA?AV?$Local@VFunction@v8@@@2@XZ 000000018001c358     iojs:node.dll
 0002:00000360       __imp_?Length@Array@v8@@QEBAIXZ 000000018001c360     iojs:node.dll
 0002:00000368       __imp_?New@Array@v8@@SA?AV?$Local@VArray@v8@@@2@PEAVIsolate@2@H@Z 000000018001c368     iojs:node.dll
 0002:00000370       __imp_??0HandleScope@v8@@QEAA@PEAVIsolate@1@@Z 000000018001c370     iojs:node.dll
 0002:00000378       __imp_??1HandleScope@v8@@QEAA@XZ 000000018001c378     iojs:node.dll
 0002:00000380       __imp_?CreateHandle@HandleScope@v8@@CAPEAPEAVObject@internal@2@PEAVHeapObject@42@PEAV342@@Z 000000018001c380     iojs:node.dll
 0002:00000388       __imp_?CreateHandle@HandleScope@v8@@KAPEAPEAVObject@internal@2@PEAVIsolate@42@PEAV342@@Z 000000018001c388     iojs:node.dll
 0002:00000390       __imp_?GetCurrent@Isolate@v8@@SAPEAV12@XZ 000000018001c390     iojs:node.dll
 0002:00000398       __imp_?GetCurrentContext@Isolate@v8@@QEAA?AV?$Local@VContext@v8@@@2@XZ 000000018001c398     iojs:node.dll
 0002:000003a0       __imp_?New@External@v8@@SA?AV?$Local@VExternal@v8@@@2@PEAVIsolate@2@PEAX@Z 000000018001c3a0     iojs:node.dll
 0002:000003a8       __imp_?Value@External@v8@@QEBAPEAXXZ 000000018001c3a8     iojs:node.dll
 0002:000003b0       __imp_?Global@Context@v8@@QEAA?AV?$Local@VObject@v8@@@2@XZ 000000018001c3b0     iojs:node.dll
 0002:000003b8       __imp_uv_mutex_unlock      000000018001c3b8     iojs:node.dll
 0002:000003c0       __imp_?Get@Object@v8@@QEAA?AV?$Local@VValue@v8@@@2@V32@@Z 000000018001c3c0     iojs:node.dll
 0002:000003c8       \177node_NULL_THUNK_DATA   000000018001c3c8     iojs:node.dll
 0002:000003d0       __guard_check_icall_fptr   000000018001c3d0     LIBCMT:guard_support.obj
 0002:000003d8       __guard_dispatch_icall_fptr 000000018001c3d8     LIBCMT:guard_support.obj
 0002:000003e0       __xc_a                     000000018001c3e0     LIBCMT:initializers.obj
 0002:00000490       _register_kinect2_         000000018001c490     kinect2.obj
 0002:00000498       __xc_z                     000000018001c498     LIBCMT:initializers.obj
 0002:000004a0       __xi_a                     000000018001c4a0     LIBCMT:initializers.obj
 0002:000004a8       __acrt_stdio_initializer   000000018001c4a8     libucrt:stdio_initializer.obj
 0002:000004b0       __acrt_multibyte_initializer 000000018001c4b0     libucrt:multibyte_initializer.obj
 0002:000004b8       __acrt_tran_fma3_initializer 000000018001c4b8     libucrt:fma3_initializer.obj
 0002:000004c0       __xi_z                     000000018001c4c0     LIBCMT:initializers.obj
 0002:000004c8       __xp_a                     000000018001c4c8     LIBCMT:initializers.obj
 0002:000004d0       __acrt_locale_terminator   000000018001c4d0     libucrt:locale_initializer.obj
 0002:000004d8       __dcrt_console_output_terminator 000000018001c4d8     libucrt:console_output_initializer.obj
 0002:000004e0       __acrt_stdio_terminator    000000018001c4e0     libucrt:stdio_initializer.obj
 0002:000004e8       __xp_z                     000000018001c4e8     LIBCMT:initializers.obj
 0002:000004f0       __xt_a                     000000018001c4f0     LIBCMT:initializers.obj
 0002:000004f8       __xt_z                     000000018001c4f8     LIBCMT:initializers.obj
 0002:00000508       ??_7exception@std@@6B@     000000018001c508     libcpmt:xthrow.obj
 0002:00000518       ??_C@_0BC@EOODALEL@Unknown?5exception?$AA@ 000000018001c518     libcpmt:xthrow.obj
 0002:00000538       ??_7bad_alloc@std@@6B@     000000018001c538     libcpmt:xthrow.obj
 0002:00000548       ??_C@_0P@GHFPNOJB@bad?5allocation?$AA@ 000000018001c548     libcpmt:xthrow.obj
 0002:00000560       ??_7logic_error@std@@6B@   000000018001c560     libcpmt:xthrow.obj
 0002:00000578       ??_7length_error@std@@6B@  000000018001c578     libcpmt:xthrow.obj
 0002:00000590       ??_7out_of_range@std@@6B@  000000018001c590     libcpmt:xthrow.obj
 0002:000005b0       _pDefaultRawDllMain        000000018001c5b0     LIBCMT:dll_dllmain.obj
 0002:000005b0       _pRawDllMain               000000018001c5b0     LIBCMT:dll_dllmain.obj
 0002:000005c0       ??_7type_info@@6B@         000000018001c5c0     LIBCMT:std_type_info_static.obj
 0002:000005d0       ??_7bad_array_new_length@std@@6B@ 000000018001c5d0     LIBCMT:throw_bad_alloc.obj
 0002:000005e0       ??_C@_0BF@KINCDENJ@bad?5array?5new?5length?$AA@ 000000018001c5e0     LIBCMT:throw_bad_alloc.obj
 0002:00000660       ??_C@_1BC@DNHGCMLG@?$AAa?$AAd?$AAv?$AAa?$AAp?$AAi?$AA3?$AA2?$AA?$AA@ 000000018001c660     libvcruntime:winapi_downlevel.obj
 0002:00000678       ??_C@_1DM@KHCHBNEB@?$AAa?$AAp?$AAi?$AA?9?$AAm?$AAs?$AA?9?$AAw?$AAi?$AAn?$AA?9?$AAc?$AAo?$AAr?$AAe?$AA?9?$AAf?$AAi?$AAb?$AAe?$AAr?$AAs?$AA?9?$AAl?$AA1?$AA?9?$AA1?$AA?9?$AA1?$AA?$AA@ 000000018001c678     libvcruntime:winapi_downlevel.obj
 0002:000006b8       ??_C@_1DK@LPPGFMPP@?$AAa?$AAp?$AAi?$AA?9?$AAm?$AAs?$AA?9?$AAw?$AAi?$AAn?$AA?9?$AAc?$AAo?$AAr?$AAe?$AA?9?$AAs?$AAy?$AAn?$AAc?$AAh?$AA?9?$AAl?$AA1?$AA?9?$AA2?$AA?9?$AA0?$AA?$AA@ 000000018001c6b8     libvcruntime:winapi_downlevel.obj
 0002:000006f8       ??_C@_1BC@GDMECMAK@?$AAk?$AAe?$AAr?$AAn?$AAe?$AAl?$AA3?$AA2?$AA?$AA@ 000000018001c6f8     libvcruntime:winapi_downlevel.obj
 0002:00000718       ??_C@_08KNHFBNJ@FlsAlloc?$AA@ 000000018001c718     libvcruntime:winapi_downlevel.obj
 0002:00000730       ??_C@_07PEJMOBNF@FlsFree?$AA@ 000000018001c730     libvcruntime:winapi_downlevel.obj
 0002:00000740       ??_C@_0M@GDNOONDI@FlsGetValue?$AA@ 000000018001c740     libvcruntime:winapi_downlevel.obj
 0002:00000758       ??_C@_0M@JCPCPOEF@FlsSetValue?$AA@ 000000018001c758     libvcruntime:winapi_downlevel.obj
 0002:00000770       ??_C@_0BM@HCFOFFN@InitializeCriticalSectionEx?$AA@ 000000018001c770     libvcruntime:winapi_downlevel.obj
 0002:00000ab0       ??_C@_08EHJDFFNH@__based?$CI?$AA@ 000000018001cab0     libvcruntime:undname.obj
 0002:00000ac0       ??_C@_07KOLFKCDI@__cdecl?$AA@ 000000018001cac0     libvcruntime:undname.obj
 0002:00000ac8       ??_C@_08GHMPAG@__pascal?$AA@ 000000018001cac8     libvcruntime:undname.obj
 0002:00000ad8       ??_C@_09IFJBGAPI@__stdcall?$AA@ 000000018001cad8     libvcruntime:undname.obj
 0002:00000ae8       ??_C@_0L@NPHFGOKO@__thiscall?$AA@ 000000018001cae8     libvcruntime:undname.obj
 0002:00000af8       ??_C@_0L@JMKHOMEK@__fastcall?$AA@ 000000018001caf8     libvcruntime:undname.obj
 0002:00000b08       ??_C@_0N@BCKKPABJ@__vectorcall?$AA@ 000000018001cb08     libvcruntime:undname.obj
 0002:00000b18       ??_C@_09HIJEGCPM@__clrcall?$AA@ 000000018001cb18     libvcruntime:undname.obj
 0002:00000b24       ??_C@_06GHPCKEAG@__eabi?$AA@ 000000018001cb24     libvcruntime:undname.obj
 0002:00000b30       ??_C@_07JOMMBBKO@__ptr64?$AA@ 000000018001cb30     libvcruntime:undname.obj
 0002:00000b38       ??_C@_0L@PILCLIHE@__restrict?$AA@ 000000018001cb38     libvcruntime:undname.obj
 0002:00000b48       ??_C@_0M@GFIIJFMG@__unaligned?$AA@ 000000018001cb48     libvcruntime:undname.obj
 0002:00000b58       ??_C@_09DHDLOLLB@restrict?$CI?$AA@ 000000018001cb58     libvcruntime:undname.obj
 0002:00000b62       ??_C@_00CNPNBAHC@?$AA@     000000018001cb62     libvcruntime:undname.obj
 0002:00000b64       ??_C@_04NIHEBCM@?5new?$AA@ 000000018001cb64     libvcruntime:undname.obj
 0002:00000b70       ??_C@_07FPCDHGMM@?5delete?$AA@ 000000018001cb70     libvcruntime:undname.obj
 0002:00000b78       ??_C@_01NEMOKFLO@?$DN?$AA@ 000000018001cb78     libvcruntime:undname.obj
 0002:00000b7c       ??_C@_02GPIOPFAK@?$DO?$DO?$AA@ 000000018001cb7c     libvcruntime:undname.obj
 0002:00000b80       ??_C@_02FODMEDOG@?$DM?$DM?$AA@ 000000018001cb80     libvcruntime:undname.obj
 0002:00000b84       ??_C@_01DCLJPIOD@?$CB?$AA@ 000000018001cb84     libvcruntime:undname.obj
 0002:00000b88       ??_C@_02EGOFBIJA@?$DN?$DN?$AA@ 000000018001cb88     libvcruntime:undname.obj
 0002:00000b8c       ??_C@_02FDNJECIE@?$CB?$DN?$AA@ 000000018001cb8c     libvcruntime:undname.obj
 0002:00000b90       ??_C@_02GPECMEKF@?$FL?$FN?$AA@ 000000018001cb90     libvcruntime:undname.obj
 0002:00000b98       ??_C@_08LHJFAFGD@operator?$AA@ 000000018001cb98     libvcruntime:undname.obj
 0002:00000ba4       ??_C@_02HBOOOICD@?9?$DO?$AA@ 000000018001cba4     libvcruntime:undname.obj
 0002:00000ba8       ??_C@_01NBENCBCI@?$CK?$AA@ 000000018001cba8     libvcruntime:undname.obj
 0002:00000bac       ??_C@_02ECNGHCIF@?$CL?$CL?$AA@ 000000018001cbac     libvcruntime:undname.obj
 0002:00000bb0       ??_C@_02BAABKJLB@?9?9?$AA@ 000000018001cbb0     libvcruntime:undname.obj
 0002:00000bb4       ??_C@_01JOAMLHOP@?9?$AA@   000000018001cbb4     libvcruntime:undname.obj
 0002:00000bb8       ??_C@_01MIFGBAGJ@?$CL?$AA@ 000000018001cbb8     libvcruntime:undname.obj
 0002:00000bbc       ??_C@_01HNPIGOCE@?$CG?$AA@ 000000018001cbbc     libvcruntime:undname.obj
 0002:00000bc0       ??_C@_03MNHNFDLC@?9?$DO?$CK?$AA@ 000000018001cbc0     libvcruntime:undname.obj
 0002:00000bc4       ??_C@_01KMDKNFGN@?1?$AA@   000000018001cbc4     libvcruntime:undname.obj
 0002:00000bc8       ??_C@_01FGNFDNOH@?$CF?$AA@ 000000018001cbc8     libvcruntime:undname.obj
 0002:00000bcc       ??_C@_01MNNFJEPP@?$DM?$AA@ 000000018001cbcc     libvcruntime:undname.obj
 0002:00000bd0       ??_C@_02EHCHHCKH@?$DM?$DN?$AA@ 000000018001cbd0     libvcruntime:undname.obj
 0002:00000bd4       ??_C@_01PPODPGHN@?$DO?$AA@ 000000018001cbd4     libvcruntime:undname.obj
 0002:00000bd8       ??_C@_02EEKDKGMJ@?$DO?$DN?$AA@ 000000018001cbd8     libvcruntime:undname.obj
 0002:00000bdc       ??_C@_01IHBHIGKO@?0?$AA@   000000018001cbdc     libvcruntime:undname.obj
 0002:00000be0       ??_C@_02HCKGKOFO@?$CI?$CJ?$AA@ 000000018001cbe0     libvcruntime:undname.obj
 0002:00000be4       ??_C@_01PJKLJHI@?$HO?$AA@  000000018001cbe4     libvcruntime:undname.obj
 0002:00000be8       ??_C@_01JKBOJNNK@?$FO?$AA@ 000000018001cbe8     libvcruntime:undname.obj
 0002:00000bec       ??_C@_01DNKMNLPK@?$HM?$AA@ 000000018001cbec     libvcruntime:undname.obj
 0002:00000bf0       ??_C@_02PPKAJPJL@?$CG?$CG?$AA@ 000000018001cbf0     libvcruntime:undname.obj
 0002:00000bf4       ??_C@_02NONPIBCD@?$HM?$HM?$AA@ 000000018001cbf4     libvcruntime:undname.obj
 0002:00000bf8       ??_C@_02FPIMKNGF@?$CK?$DN?$AA@ 000000018001cbf8     libvcruntime:undname.obj
 0002:00000bfc       ??_C@_02FOEOMHFC@?$CL?$DN?$AA@ 000000018001cbfc     libvcruntime:undname.obj
 0002:00000c00       ??_C@_02FKMDLLOA@?9?$DN?$AA@ 000000018001cc00     libvcruntime:undname.obj
 0002:00000c04       ??_C@_02FJEHGPIO@?1?$DN?$AA@ 000000018001cc04     libvcruntime:undname.obj
 0002:00000c08       ??_C@_02FENAOKFI@?$CF?$DN?$AA@ 000000018001cc08     libvcruntime:undname.obj
 0002:00000c0c       ??_C@_03IKFCCPFF@?$DO?$DO?$DN?$AA@ 000000018001cc0c     libvcruntime:undname.obj
 0002:00000c10       ??_C@_03CDNPDDLA@?$DM?$DM?$DN?$AA@ 000000018001cc10     libvcruntime:undname.obj
 0002:00000c14       ??_C@_02FGJGFEAB@?$CG?$DN?$AA@ 000000018001cc14     libvcruntime:undname.obj
 0002:00000c18       ??_C@_02DHLNPPGH@?$HM?$DN?$AA@ 000000018001cc18     libvcruntime:undname.obj
 0002:00000c1c       ??_C@_02MHEGNOJ@?$FO?$DN?$AA@ 000000018001cc1c     libvcruntime:undname.obj
 0002:00000c20       ??_C@_09IFPLHPGF@?$GAvftable?8?$AA@ 000000018001cc20     libvcruntime:undname.obj
 0002:00000c30       ??_C@_09BLBHBJP@?$GAvbtable?8?$AA@ 000000018001cc30     libvcruntime:undname.obj
 0002:00000c40       ??_C@_07FEEIOKP@?$GAvcall?8?$AA@ 000000018001cc40     libvcruntime:undname.obj
 0002:00000c48       ??_C@_08LLFFHHDJ@?$GAtypeof?8?$AA@ 000000018001cc48     libvcruntime:undname.obj
 0002:00000c58       ??_C@_0BF@KDPPACIK@?$GAlocal?5static?5guard?8?$AA@ 000000018001cc58     libvcruntime:undname.obj
 0002:00000c70       ??_C@_08OBABFOLI@?$GAstring?8?$AA@ 000000018001cc70     libvcruntime:undname.obj
 0002:00000c80       ??_C@_0BD@JDLKDPAB@?$GAvbase?5destructor?8?$AA@ 000000018001cc80     libvcruntime:undname.obj
 0002:00000c98       ??_C@_0BN@DEGPLNFK@?$GAvector?5deleting?5destructor?8?$AA@ 000000018001cc98     libvcruntime:undname.obj
 0002:00000cb8       ??_C@_0BO@OBMKPJIG@?$GAdefault?5constructor?5closure?8?$AA@ 000000018001ccb8     libvcruntime:undname.obj
 0002:00000cd8       ??_C@_0BN@IMDCHIKM@?$GAscalar?5deleting?5destructor?8?$AA@ 000000018001ccd8     libvcruntime:undname.obj
 0002:00000cf8       ??_C@_0BO@PFGOCPJJ@?$GAvector?5constructor?5iterator?8?$AA@ 000000018001ccf8     libvcruntime:undname.obj
 0002:00000d18       ??_C@_0BN@LFPFMEDL@?$GAvector?5destructor?5iterator?8?$AA@ 000000018001cd18     libvcruntime:undname.obj
 0002:00000d38       ??_C@_0CE@IKBNEHA@?$GAvector?5vbase?5constructor?5iterat@ 000000018001cd38     libvcruntime:undname.obj
 0002:00000d60       ??_C@_0BL@NILFHHPC@?$GAvirtual?5displacement?5map?8?$AA@ 000000018001cd60     libvcruntime:undname.obj
 0002:00000d80       ??_C@_0CB@JONCMFFK@?$GAeh?5vector?5constructor?5iterator?8@ 000000018001cd80     libvcruntime:undname.obj
 0002:00000da8       ??_C@_0CA@GCEOPDGL@?$GAeh?5vector?5destructor?5iterator?8?$AA@ 000000018001cda8     libvcruntime:undname.obj
 0002:00000dc8       ??_C@_0CH@OOJPLCPH@?$GAeh?5vector?5vbase?5constructor?5ite@ 000000018001cdc8     libvcruntime:undname.obj
 0002:00000df0       ??_C@_0BL@LLKPOHJI@?$GAcopy?5constructor?5closure?8?$AA@ 000000018001cdf0     libvcruntime:undname.obj
 0002:00000e10       ??_C@_0BA@KBCDOMBN@?$GAudt?5returning?8?$AA@ 000000018001ce10     libvcruntime:undname.obj
 0002:00000e20       ??_C@_03KLGMFNMG@?$GAEH?$AA@ 000000018001ce20     libvcruntime:undname.obj
 0002:00000e24       ??_C@_05KHLCHHI@?$GARTTI?$AA@ 000000018001ce24     libvcruntime:undname.obj
 0002:00000e30       ??_C@_0BA@KKLDJDLB@?$GAlocal?5vftable?8?$AA@ 000000018001ce30     libvcruntime:undname.obj
 0002:00000e40       ??_C@_0CE@IIHCMGGL@?$GAlocal?5vftable?5constructor?5closu@ 000000018001ce40     libvcruntime:undname.obj
[...]
 0004:0000117c       $pdata$_fputwc_nolock      0000000185f1f17c     libucrt:fputwc.obj
 0004:00001188       $pdata$_fileno             0000000185f1f188     libucrt:fileno.obj
 0004:00001194       $pdata$__pctype_func       0000000185f1f194     libucrt:ctype.obj
 0004:000011a0       $pdata$iswctype            0000000185f1f1a0     libucrt:iswctype.obj
 0004:000011ac       $pdata$_isctype_l          0000000185f1f1ac     libucrt:isctype.obj
 0004:000011b8       $pdata$_fcloseall          0000000185f1f1b8     libucrt:closeall.obj
 0004:000011c4       $pdata$__acrt_stdio_free_buffer_nolock 0000000185f1f1c4     libucrt:_freebuf.obj
 0004:000011d0       $pdata$??$?RV<lambda_b521505b218e5242e90febf6bfebc422>@@AEAV<lambda_6978c1fb23f02e42e1d9e99668cc68aa>@@V<lambda_314360699dd331753a4119843814e9a7>@@@?$__crt_seh_guarded_call@H@@QEAAH$$QEAV<lambda_b521505b218e5242e90febf6bfebc422>@@AEAV<lambda_6978c1fb23f02e42e1d9e99668cc68aa>@@$$QEAV<lambda_314360699dd331753a4119843814e9a7>@@@Z 0000000185f1f1d0     libucrt:commit.obj
 0004:000011dc       $pdata$_commit             0000000185f1f1dc     libucrt:commit.obj
 0004:000011e8       $pdata$?write_double_translated_ansi_nolock@@YA?AUwrite_result@?A0x9c548279@@HQEBDI@Z 0000000185f1f1e8     libucrt:write.obj
 0004:000011f4       $pdata$?write_text_ansi_nolock@@YA?AUwrite_result@?A0x9c548279@@HQEBDI@Z 0000000185f1f1f4     libucrt:write.obj
 0004:00001200       $pdata$?write_text_utf16le_nolock@@YA?AUwrite_result@?A0x9c548279@@HQEBDI@Z 0000000185f1f200     libucrt:write.obj
 0004:0000120c       $pdata$?write_text_utf8_nolock@@YA?AUwrite_result@?A0x9c548279@@HQEBDI@Z 0000000185f1f20c     libucrt:write.obj
 0004:00001218       $pdata$_write              0000000185f1f218     libucrt:write.obj
 0004:00001224       $pdata$_write_nolock       0000000185f1f224     libucrt:write.obj
 0004:00001230       $pdata$__acrt_free_locale  0000000185f1f230     libucrt:locale_refcounting.obj
 0004:0000123c       $pdata$__acrt_locale_free_lc_time_if_unreferenced 0000000185f1f23c     libucrt:locale_refcounting.obj
 0004:00001248       $pdata$__acrt_release_locale_ref 0000000185f1f248     libucrt:locale_refcounting.obj
 0004:00001254       $pdata$__acrt_update_thread_locale_data 0000000185f1f254     libucrt:locale_refcounting.obj
 0004:00001260       $pdata$_updatetlocinfoEx_nolock 0000000185f1f260     libucrt:locale_refcounting.obj
 0004:0000126c       $pdata$_isleadbyte_l       0000000185f1f26c     libucrt:_wctype.obj
 0004:00001278       $pdata$?__acrt_LCMapStringA_stat@@YAHPEAU__crt_locale_pointers@@PEB_WKPEBDHPEADHHH@Z 0000000185f1f278     libucrt:lcmapstringa.obj
 0004:00001284       $pdata$__acrt_LCMapStringA 0000000185f1f284     libucrt:lcmapstringa.obj
 0004:00001290       $pdata$__acrt_locale_free_monetary 0000000185f1f290     libucrt:initmon.obj
 0004:0000129c       $pdata$__acrt_locale_free_numeric 0000000185f1f29c     libucrt:initnum.obj
 0004:000012a8       $pdata$?free_crt_array_internal@@YAXQEAPEBX_K@Z 0000000185f1f2a8     libucrt:inittime.obj
 0004:000012b4       $pdata$__acrt_locale_free_time 0000000185f1f2b4     libucrt:inittime.obj
 0004:000012c0       $pdata$__acrt_GetStringTypeA 0000000185f1f2c0     libucrt:getstringtypea.obj
 0004:000012cc       $pdata$?GetTableIndexFromLocaleName@@YAHPEB_W@Z 0000000185f1f2cc     libucrt:lcidtoname_downlevel.obj
 0004:000012d8       $pdata$__acrt_DownlevelLocaleNameToLCID 0000000185f1f2d8     libucrt:lcidtoname_downlevel.obj
 0004:000012e4       $pdata$?shortsort@@YAXPEAD0_KP6AHPEBX2@Z@Z 0000000185f1f2e4     libucrt:qsort.obj
 0004:000012f0       $pdata$2$?shortsort@@YAXPEAD0_KP6AHPEBX2@Z@Z 0000000185f1f2f0     libucrt:qsort.obj
 0004:000012fc       $pdata$3$?shortsort@@YAXPEAD0_KP6AHPEBX2@Z@Z 0000000185f1f2fc     libucrt:qsort.obj
 0004:00001308       $pdata$qsort               0000000185f1f308     libucrt:qsort.obj
 0004:00001314       $pdata$4$qsort             0000000185f1f314     libucrt:qsort.obj
 0004:00001320       $pdata$5$qsort             0000000185f1f320     libucrt:qsort.obj
 0004:0000132c       $pdata$strncpy_s           0000000185f1f32c     libucrt:strncpy_s.obj
 0004:00001338       $pdata$strpbrk             0000000185f1f338     libucrt:strpbrk.obj
 0004:00001344       $pdata$_mbsdec_l           0000000185f1f344     libucrt:mbsdec.obj
 0004:00001350       $pdata$?initialize_multibyte@@YAHXZ 0000000185f1f350     libucrt:multibyte_initializer.obj
 0004:0000135c       $pdata$_msize              0000000185f1f35c     libucrt:msize.obj
 0004:00001368       $pdata$_realloc_base       0000000185f1f368     libucrt:realloc_base.obj
 0004:00001374       $pdata$__acrt_lowio_create_handle_array 0000000185f1f374     libucrt:osfinfo.obj
 0004:00001380       $pdata$__acrt_lowio_destroy_handle_array 0000000185f1f380     libucrt:osfinfo.obj
 0004:0000138c       $pdata$__acrt_lowio_ensure_fh_exists 0000000185f1f38c     libucrt:osfinfo.obj
 0004:00001398       $pdata$_free_osfhnd        0000000185f1f398     libucrt:osfinfo.obj
 0004:000013a4       $pdata$_get_osfhandle      0000000185f1f3a4     libucrt:osfinfo.obj
 0004:000013b0       $pdata$_isatty             0000000185f1f3b0     libucrt:isatty.obj
 0004:000013bc       $pdata$__acrt_fp_strflt_to_string 0000000185f1f3bc     libucrt:_fptostr.obj
 0004:000013c8       $pdata$?divide@__crt_strtox@@YA_KAEAUbig_integer@1@AEBU21@@Z 0000000185f1f3c8     libucrt:cfout.obj
 0004:000013d4       $pdata$5$?divide@__crt_strtox@@YA_KAEAUbig_integer@1@AEBU21@@Z 0000000185f1f3d4     libucrt:cfout.obj
 0004:000013e0       $pdata$6$?divide@__crt_strtox@@YA_KAEAUbig_integer@1@AEBU21@@Z 0000000185f1f3e0     libucrt:cfout.obj
 0004:000013ec       $pdata$__acrt_fltout       0000000185f1f3ec     libucrt:cfout.obj
 0004:000013f8       $pdata$memcpy_s            0000000185f1f3f8     libucrt:cfout.obj
 0004:00001404       $pdata$??$write_buffer_nolock@D@@YA_NDV__crt_stdio_stream@@@Z 0000000185f1f404     libucrt:_flsbuf.obj
 0004:00001410       $pdata$??$write_buffer_nolock@_W@@YA_N_WV__crt_stdio_stream@@@Z 0000000185f1f410     libucrt:_flsbuf.obj
 0004:0000141c       $pdata$__acrt_stdio_flush_and_write_narrow_nolock 0000000185f1f41c     libucrt:_flsbuf.obj
 0004:00001428       $pdata$__acrt_stdio_flush_and_write_wide_nolock 0000000185f1f428     libucrt:_flsbuf.obj
 0004:00001434       $pdata$_fclose_nolock      0000000185f1f434     libucrt:fclose.obj
 0004:00001440       $pdata$fclose              0000000185f1f440     libucrt:fclose.obj
 0004:0000144c       $pdata$??$common_lseek@_J@@YA_JH_JH@Z 0000000185f1f44c     libucrt:lseek.obj
 0004:00001458       $pdata$??$common_lseek_nolock@_J@@YA_JH_JH@Z 0000000185f1f458     libucrt:lseek.obj
 0004:00001464       $pdata$_putwch_nolock      0000000185f1f464     libucrt:putwch.obj
 0004:00001470       $pdata$fegetenv            0000000185f1f470     libucrt:fegetenv.obj
 0004:0000147c       $pdata$fesetenv            0000000185f1f47c     libucrt:fesetenv.obj
 0004:00001488       $pdata$feholdexcept        0000000185f1f488     libucrt:feholdexcept.obj
 0004:000014a0       $pdata$__acrt_stdio_allocate_buffer_nolock 0000000185f1f4a0     libucrt:_getbuf.obj
 0004:000014ac       $pdata$??$?RV<lambda_bfedae4ebbf01fab1bb6dcc6a9e276e0>@@AEAV<lambda_2fe9b910cf3cbf4a0ab98a02ba45b3ec>@@V<lambda_237c231691f317818eb88cc1d5d642d6>@@@?$__crt_seh_guarded_call@H@@QEAAH$$QEAV<lambda_bfedae4ebbf01fab1bb6dcc6a9e276e0>@@AEAV<lambda_2fe9b910cf3cbf4a0ab98a02ba45b3ec>@@$$QEAV<lambda_237c231691f317818eb88cc1d5d642d6>@@@Z 0000000185f1f4ac     libucrt:close.obj
 0004:000014b8       $pdata$_close              0000000185f1f4b8     libucrt:close.obj
 0004:000014c4       $pdata$_close_nolock       0000000185f1f4c4     libucrt:close.obj
 0004:000014d0       $pdata$__dcrt_lowio_initialize_console_output 0000000185f1f4d0     libucrt:initcon.obj
 0004:000014dc       $pdata$__dcrt_terminate_console_output 0000000185f1f4dc     libucrt:initcon.obj
 0004:000014e8       $pdata$_getfpcontrolword   0000000185f1f4e8     libucrt:_fenvutils.obj
 0004:000014f4       $pdata$_getfpstatusword    0000000185f1f4f4     libucrt:_fenvutils.obj
 0004:00001500       $pdata$_setfpstatusword    0000000185f1f500     libucrt:_fenvutils.obj
 0004:0000150c       $pdata$_clearfp            0000000185f1f50c     libucrt:ieee.obj
 0004:00001518       $pdata$common_control87    0000000185f1f518     libucrt:ieee.obj
 0004:00001524       $pdata$_call_matherr       0000000185f1f524     libucrt:libm_error.obj
 0004:00001530       $pdata$_exception_enabled  0000000185f1f530     libucrt:libm_error.obj
 0004:0000153c       $pdata$_handle_error       0000000185f1f53c     libucrt:libm_error.obj
 0004:00001548       $pdata$_handle_errorf      0000000185f1f548     libucrt:libm_error.obj
 0004:00001554       $pdata$__acrt_initialize_fma3 0000000185f1f554     libucrt:fma3_available.obj
 0004:00001560       $pdata$_log10_special      0000000185f1f560     libucrt:log_special.obj
 0004:0000156c       $pdata$_log_special_common 0000000185f1f56c     libucrt:log_special.obj
 0004:00001584       $pdata$_raise_exc          0000000185f1f584     libucrt:fpexcept.obj
 0004:00001590       $pdata$_raise_exc_ex       0000000185f1f590     libucrt:fpexcept.obj
 0004:0000159c       $pdata$_raise_excf         0000000185f1f59c     libucrt:fpexcept.obj
 0004:000015a8       $pdata$_set_errno_from_matherr 0000000185f1f5a8     libucrt:fpexcept.obj
 0004:000015b4       $pdata$_clrfp              0000000185f1f5b4     libucrt:fpctrl.obj
 0004:000015c0       $pdata$_ctrlfp             0000000185f1f5c0     libucrt:fpctrl.obj
 0004:000015cc       $pdata$_set_statfp         0000000185f1f5cc     libucrt:fpctrl.obj
 0004:000015d8       $pdata$_statfp             0000000185f1f5d8     libucrt:fpctrl.obj
 0004:000015e4       $pdata$_IsNonwritableInCurrentImage 0000000185f1f5e4     LIBCMT:pesect.obj
 0004:000015f0       $pdata$__GSHandlerCheck    0000000185f1f5f0     LIBCMT:_gshandler_.obj
 0004:000015fc       $pdata$__GSHandlerCheckCommon 0000000185f1f5fc     LIBCMT:_gshandler_.obj
 0004:00001620       $pdata$strrchr             0000000185f1f620     libvcruntime:strrchr.obj
 0004:0000162c       $pdata$atanf               0000000185f1f62c     libucrt:atanf.obj
 0004:00001674       $pdata$_sincosf_special    0000000185f1f674     libucrt:sincos_special.obj
 0004:00001698       $pdata$__scrt_is_nonwritable_in_current_image$filt$0 0000000185f1f698     LIBCMT:utility.obj
 0004:000016a4       $pdata$?fin$0@?0??dllmain_crt_process_attach@@YAHQEAUHINSTANCE__@@QEAX@Z@4HA 0000000185f1f6a4     LIBCMT:dll_dllmain.obj
 0004:000016b0       $pdata$?fin$0@?0??dllmain_crt_process_detach@@YAH_N@Z@4HA 0000000185f1f6b0     LIBCMT:dll_dllmain.obj
 0004:000016bc       $pdata$?filt$0@?0??dllmain_dispatch@@YAHQEAUHINSTANCE__@@KQEAX@Z@4HA 0000000185f1f6bc     LIBCMT:dll_dllmain.obj
 0004:000016c8       $pdata$_query_new_handler$fin$0 0000000185f1f6c8     libucrt:new_handler.obj
 0004:000016d4       $pdata$?filt$0@?0??common_exit@@YAXHW4_crt_exit_cleanup_mode@@W4_crt_exit_return_mode@@@Z@4HA 0000000185f1f6d4     libucrt:exit.obj
 0004:000016e0       $pdata$?fin$1@?0??common_exit@@YAXHW4_crt_exit_cleanup_mode@@W4_crt_exit_return_mode@@@Z@4HA 0000000185f1f6e0     libucrt:exit.obj
 0004:000016ec       $pdata$?fin$0@?0???$?RV<lambda_46352004c1216016012b18bd6f87e700>@@AEAV<lambda_3bd07e1a1191394380780325891bf33f>@@V<lambda_334532d3f185bcaa59b5be82d7d22bff>@@@?$__crt_seh_guarded_call@X@@QEAAX$$QEAV<lambda_46352004c1216016012b18bd6f87e700>@@AEAV<lambda_3bd07e1a1191394380780325891bf33f>@@$$QEAV<lambda_334532d3f185bcaa59b5be82d7d22bff>@@@Z@4HA 0000000185f1f6ec     libucrt:per_thread_data.obj
 0004:000016ec       $pdata$?fin$0@?0???$?RV<lambda_fb3a7dec4e47f37f22dae91bb15c9095>@@AEAV<lambda_698284760c8add0bfb0756c19673e34b>@@V<lambda_dfb8eca1e75fef3034a8fb18dd509707>@@@?$__crt_seh_guarded_call@X@@QEAAX$$QEAV<lambda_fb3a7dec4e47f37f22dae91bb15c9095>@@AEAV<lambda_698284760c8add0bfb0756c19673e34b>@@$$QEAV<lambda_dfb8eca1e75fef3034a8fb18dd509707>@@@Z@4HA 0000000185f1f6ec     libucrt:per_thread_data.obj
 0004:000016ec       $pdata$?fin$0@?0???$?RV<lambda_c36588078e9f5dfd39652860aa6b3aaf>@@AEAV<lambda_ec61778202f4f5fc7e7711acc23c3bca>@@V<lambda_dc9d2797ccde5d239b4a0efae8ebd7db>@@@?$__crt_seh_guarded_call@P6AXH@Z@@QEAAP6AXH@Z$$QEAV<lambda_c36588078e9f5dfd39652860aa6b3aaf>@@AEAV<lambda_ec61778202f4f5fc7e7711acc23c3bca>@@$$QEAV<lambda_dc9d2797ccde5d239b4a0efae8ebd7db>@@@Z@4HA 0000000185f1f6ec     libucrt:signal.obj
 0004:000016ec       $pdata$?fin$0@?0???$?RV<lambda_b8c45f8f788dd370798f47cfe8ac3a86>@@AEAV<lambda_4e60a939b0d047cfe11ddc22648dfba9>@@V<lambda_332c3edc96d0294ec56c57d38c1cdfd5>@@@?$__crt_seh_guarded_call@H@@QEAAH$$QEAV<lambda_b8c45f8f788dd370798f47cfe8ac3a86>@@AEAV<lambda_4e60a939b0d047cfe11ddc22648dfba9>@@$$QEAV<lambda_332c3edc96d0294ec56c57d38c1cdfd5>@@@Z@4HA 0000000185f1f6ec     libucrt:onexit.obj
 0004:000016ec       $pdata$?fin$0@?0???$?RV<lambda_5e887d1dcbef67a5eb4283622ba103bf>@@AEAV<lambda_4466841279450cc726390878d4a41900>@@V<lambda_341c25c0346d94847f1f3c463c57e077>@@@?$__crt_seh_guarded_call@X@@QEAAX$$QEAV<lambda_5e887d1dcbef67a5eb4283622ba103bf>@@AEAV<lambda_4466841279450cc726390878d4a41900>@@$$QEAV<lambda_341c25c0346d94847f1f3c463c57e077>@@@Z@4HA 0000000185f1f6ec     libucrt:per_thread_data.obj
 0004:000016ec       $pdata$?fin$0@?0???$?RV<lambda_72d1df2b273a38828b1ce30cbf4cdab5>@@AEAV<lambda_876a65b173b8412d3a47c70a915b0cf4>@@V<lambda_41932305e351933ebe8f8be3ed8bb5dc>@@@?$__crt_seh_guarded_call@X@@QEAAX$$QEAV<lambda_72d1df2b273a38828b1ce30cbf4cdab5>@@AEAV<lambda_876a65b173b8412d3a47c70a915b0cf4>@@$$QEAV<lambda_41932305e351933ebe8f8be3ed8bb5dc>@@@Z@4HA 0000000185f1f6ec     libucrt:per_thread_data.obj
 0004:000016ec       $pdata$?fin$0@?0???$?RV<lambda_99476a1ad63dd22509b5d3e65b0ffc95>@@AEAV<lambda_ad1ced32f4ac17aa236e5ef05d6b3b7c>@@V<lambda_f7424dd8d45958661754dc4f2697e9c3>@@@?$__crt_seh_guarded_call@X@@QEAAX$$QEAV<lambda_99476a1ad63dd22509b5d3e65b0ffc95>@@AEAV<lambda_ad1ced32f4ac17aa236e5ef05d6b3b7c>@@$$QEAV<lambda_f7424dd8d45958661754dc4f2697e9c3>@@@Z@4HA 0000000185f1f6ec     libucrt:mbctype.obj
 0004:000016f8       $pdata$?fin$0@?0???$?RV<lambda_e24bbb7b643b32fcea6fa61b31d4c984>@@AEAV<lambda_275893d493268fdec8709772e3fcec0e>@@V<lambda_9d71df4d7cf3f480f8d633942495c3b0>@@@?$__crt_seh_guarded_call@H@@QEAAH$$QEAV<lambda_e24bbb7b643b32fcea6fa61b31d4c984>@@AEAV<lambda_275893d493268fdec8709772e3fcec0e>@@$$QEAV<lambda_9d71df4d7cf3f480f8d633942495c3b0>@@@Z@4HA 0000000185f1f6f8     libucrt:onexit.obj
 0004:00001704       $pdata$?fin$0@?0???$?RV<lambda_7a5ef57ff966f610505f1d28a3d40618>@@AEAV<lambda_b721fa326cdb32351d23dfa67958c160>@@V<lambda_5e0fb27672408a07956fe59e48ccb2aa>@@@?$__crt_seh_guarded_call@H@@QEAAH$$QEAV<lambda_7a5ef57ff966f610505f1d28a3d40618>@@AEAV<lambda_b721fa326cdb32351d23dfa67958c160>@@$$QEAV<lambda_5e0fb27672408a07956fe59e48ccb2aa>@@@Z@4HA 0000000185f1f704     libucrt:setvbuf.obj
 0004:00001704       $pdata$?fin$0@?0???$?RV<lambda_7b91131dde12e1c3dfc74ff76b3f2eac>@@AEAV<lambda_dd75445284c072d0bd3768540cc698fa>@@V<lambda_16bc4ecb55b4718497c16bceaea2ceaf>@@@?$__crt_seh_guarded_call@H@@QEAAH$$QEAV<lambda_7b91131dde12e1c3dfc74ff76b3f2eac>@@AEAV<lambda_dd75445284c072d0bd3768540cc698fa>@@$$QEAV<lambda_16bc4ecb55b4718497c16bceaea2ceaf>@@@Z@4HA 0000000185f1f704     libucrt:output.obj
 0004:00001710       $pdata$common_flush_all$fin$0 0000000185f1f710     libucrt:fflush.obj
 0004:0000171c       $pdata$common_flush_all$fin$1 0000000185f1f71c     libucrt:fflush.obj
 0004:00001728       $pdata$raise$fin$0         0000000185f1f728     libucrt:signal.obj
 0004:00001734       $pdata$__acrt_update_thread_locale_data$fin$0 0000000185f1f734     libucrt:locale_refcounting.obj
 0004:00001734       $pdata$__acrt_uninitialize_locale$fin$0 0000000185f1f734     libucrt:wsetlocale.obj
 0004:00001740       $pdata$__acrt_update_thread_multibyte_data$fin$0 0000000185f1f740     libucrt:mbctype.obj
 0004:0000174c       $pdata$__acrt_lowio_ensure_fh_exists$fin$0 0000000185f1f74c     libucrt:osfinfo.obj
 0004:0000174c       $pdata$__acrt_initialize_lowio$fin$0 0000000185f1f74c     libucrt:ioinit.obj
 0004:00001758       $pdata$_fcloseall$fin$0    0000000185f1f758     libucrt:closeall.obj
 0004:00001764       $pdata$?fin$0@?0???$?RV<lambda_bfedae4ebbf01fab1bb6dcc6a9e276e0>@@AEAV<lambda_2fe9b910cf3cbf4a0ab98a02ba45b3ec>@@V<lambda_237c231691f317818eb88cc1d5d642d6>@@@?$__crt_seh_guarded_call@H@@QEAAH$$QEAV<lambda_bfedae4ebbf01fab1bb6dcc6a9e276e0>@@AEAV<lambda_2fe9b910cf3cbf4a0ab98a02ba45b3ec>@@$$QEAV<lambda_237c231691f317818eb88cc1d5d642d6>@@@Z@4HA 0000000185f1f764     libucrt:close.obj
 0004:00001764       $pdata$?fin$0@?0???$?RV<lambda_b521505b218e5242e90febf6bfebc422>@@AEAV<lambda_6978c1fb23f02e42e1d9e99668cc68aa>@@V<lambda_314360699dd331753a4119843814e9a7>@@@?$__crt_seh_guarded_call@H@@QEAAH$$QEAV<lambda_b521505b218e5242e90febf6bfebc422>@@AEAV<lambda_6978c1fb23f02e42e1d9e99668cc68aa>@@$$QEAV<lambda_314360699dd331753a4119843814e9a7>@@@Z@4HA 0000000185f1f764     libucrt:commit.obj
 0004:00001770       $pdata$fflush$fin$0        0000000185f1f770     libucrt:fflush.obj
 0004:00001770       $pdata$fclose$fin$0        0000000185f1f770     libucrt:fclose.obj
 0004:0000177c       $pdata$?fin$0@?0???$common_lseek@_J@@YA_JH_JH@Z@4HA 0000000185f1f77c     libucrt:lseek.obj
 0004:0000177c       $pdata$_write$fin$0        0000000185f1f77c     libucrt:write.obj
 0004:00001788       $pdata$_ctrlfp$filt$0      0000000185f1f788     libucrt:fpctrl.obj
 0004:00001788       $pdata$common_control87$filt$0 0000000185f1f788     libucrt:ieee.obj
 0004:00001794       $pdata$_IsNonwritableInCurrentImage$filt$0 0000000185f1f794     LIBCMT:pesect.obj
 0005:00000000       __guard_fids__             0000000185f20000     libucrt:initialization.obj
 0005:00000060       __guard_fids___acrt_show_wide_message_box 0000000185f20060     libucrt:crtmbox.obj
 0005:00000064       __guard_fids___acrt_initialize_ptd 0000000185f20064     libucrt:per_thread_data.obj
 0005:00000068       __guard_fids_??$expand_argument_wildcards@D@@YAHQEAD0AEAV?$argument_list@D@?A0xca0879c4@@@Z 0000000185f20068     libucrt:argv_wildcards.obj
 0005:0000006c       __guard_fids__             0000000185f2006c     libucrt:stdio_initializer.obj
 0005:00000070       __guard_fids__             0000000185f20070     libucrt:stdio_initializer.obj
 0005:00000074       __guard_fids__             0000000185f20074     libucrt:locale_initializer.obj
 0005:00000078       __guard_fids__             0000000185f20078     libucrt:multibyte_initializer.obj
 0005:0000007c       __guard_fids__             0000000185f2007c     libucrt:console_output_initializer.obj
 0005:00000080       __guard_fids__             0000000185f20080     libucrt:fma3_initializer.obj
 0005:00000084       __guard_fids__             0000000185f20084     libcpmt:xthrow.obj
 0005:0000008c       __guard_fids__             0000000185f2008c     libcpmt:xthrow.obj
 0005:00000094       __guard_fids__             0000000185f20094     libcpmt:xthrow.obj
 0005:0000009c       __guard_fids__             0000000185f2009c     libcpmt:xthrow.obj
 0005:000000a4       __guard_fids__             0000000185f200a4     libcpmt:xthrow.obj
 0005:000000ac       __guard_fids_?dllmain_crt_process_attach@@YAHQEAUHINSTANCE__@@QEAX@Z 0000000185f200ac     LIBCMT:dll_dllmain.obj
 0005:000000b4       __guard_fids_?dllmain_dispatch@@YAHQEAUHINSTANCE__@@KQEAX@Z 0000000185f200b4     LIBCMT:dll_dllmain.obj
 0005:000000b8       __guard_fids__             0000000185f200b8     LIBCMT:std_type_info_static.obj
 0005:000000bc       __guard_fids__             0000000185f200bc     LIBCMT:throw_bad_alloc.obj
 0005:000000c4       __guard_fids__             0000000185f200c4     LIBCMT:guard_support.obj
 0005:000000c8       __guard_fids___vcrt_initialize_ptd 0000000185f200c8     libvcruntime:per_thread_data.obj
 0006:00000060       $R000000                   0000000185f21060     * linker generated manifest res *

 Exports

  ordinal    name

        1    _register_kinect2_
